Archive member included to satisfy reference by file (symbol)

/home/odemki/st/stm32cubeide_1.8.0_2/plugins/com.st.stm32cube.ide.mcu.externaltools.gnu-tools-for-stm32.9-2020-q2-update.linux64_2.0.0.202105311346/tools/bin/../lib/gcc/arm-none-eabi/9.3.1/../../../../arm-none-eabi/lib/thumb/v7e-m+fp/hard/libc_nano.a(lib_a-errno.o)
                              ./Core/Src/syscalls.o (__errno)
/home/odemki/st/stm32cubeide_1.8.0_2/plugins/com.st.stm32cube.ide.mcu.externaltools.gnu-tools-for-stm32.9-2020-q2-update.linux64_2.0.0.202105311346/tools/bin/../lib/gcc/arm-none-eabi/9.3.1/../../../../arm-none-eabi/lib/thumb/v7e-m+fp/hard/libc_nano.a(lib_a-exit.o)
                              /home/odemki/st/stm32cubeide_1.8.0_2/plugins/com.st.stm32cube.ide.mcu.externaltools.gnu-tools-for-stm32.9-2020-q2-update.linux64_2.0.0.202105311346/tools/bin/../lib/gcc/arm-none-eabi/9.3.1/../../../../arm-none-eabi/lib/thumb/v7e-m+fp/hard/crt0.o (exit)
/home/odemki/st/stm32cubeide_1.8.0_2/plugins/com.st.stm32cube.ide.mcu.externaltools.gnu-tools-for-stm32.9-2020-q2-update.linux64_2.0.0.202105311346/tools/bin/../lib/gcc/arm-none-eabi/9.3.1/../../../../arm-none-eabi/lib/thumb/v7e-m+fp/hard/libc_nano.a(lib_a-impure.o)
                              /home/odemki/st/stm32cubeide_1.8.0_2/plugins/com.st.stm32cube.ide.mcu.externaltools.gnu-tools-for-stm32.9-2020-q2-update.linux64_2.0.0.202105311346/tools/bin/../lib/gcc/arm-none-eabi/9.3.1/../../../../arm-none-eabi/lib/thumb/v7e-m+fp/hard/libc_nano.a(lib_a-exit.o) (_global_impure_ptr)
/home/odemki/st/stm32cubeide_1.8.0_2/plugins/com.st.stm32cube.ide.mcu.externaltools.gnu-tools-for-stm32.9-2020-q2-update.linux64_2.0.0.202105311346/tools/bin/../lib/gcc/arm-none-eabi/9.3.1/../../../../arm-none-eabi/lib/thumb/v7e-m+fp/hard/libc_nano.a(lib_a-init.o)
                              /home/odemki/st/stm32cubeide_1.8.0_2/plugins/com.st.stm32cube.ide.mcu.externaltools.gnu-tools-for-stm32.9-2020-q2-update.linux64_2.0.0.202105311346/tools/bin/../lib/gcc/arm-none-eabi/9.3.1/../../../../arm-none-eabi/lib/thumb/v7e-m+fp/hard/crt0.o (__libc_init_array)
/home/odemki/st/stm32cubeide_1.8.0_2/plugins/com.st.stm32cube.ide.mcu.externaltools.gnu-tools-for-stm32.9-2020-q2-update.linux64_2.0.0.202105311346/tools/bin/../lib/gcc/arm-none-eabi/9.3.1/../../../../arm-none-eabi/lib/thumb/v7e-m+fp/hard/libc_nano.a(lib_a-malloc.o)
                              ./Middlewares/ST/STM32_USB_Host_Library/Class/CDC/Src/usbh_cdc.o (malloc)
/home/odemki/st/stm32cubeide_1.8.0_2/plugins/com.st.stm32cube.ide.mcu.externaltools.gnu-tools-for-stm32.9-2020-q2-update.linux64_2.0.0.202105311346/tools/bin/../lib/gcc/arm-none-eabi/9.3.1/../../../../arm-none-eabi/lib/thumb/v7e-m+fp/hard/libc_nano.a(lib_a-memset.o)
                              /home/odemki/st/stm32cubeide_1.8.0_2/plugins/com.st.stm32cube.ide.mcu.externaltools.gnu-tools-for-stm32.9-2020-q2-update.linux64_2.0.0.202105311346/tools/bin/../lib/gcc/arm-none-eabi/9.3.1/../../../../arm-none-eabi/lib/thumb/v7e-m+fp/hard/crt0.o (memset)
/home/odemki/st/stm32cubeide_1.8.0_2/plugins/com.st.stm32cube.ide.mcu.externaltools.gnu-tools-for-stm32.9-2020-q2-update.linux64_2.0.0.202105311346/tools/bin/../lib/gcc/arm-none-eabi/9.3.1/../../../../arm-none-eabi/lib/thumb/v7e-m+fp/hard/libc_nano.a(lib_a-nano-freer.o)
                              /home/odemki/st/stm32cubeide_1.8.0_2/plugins/com.st.stm32cube.ide.mcu.externaltools.gnu-tools-for-stm32.9-2020-q2-update.linux64_2.0.0.202105311346/tools/bin/../lib/gcc/arm-none-eabi/9.3.1/../../../../arm-none-eabi/lib/thumb/v7e-m+fp/hard/libc_nano.a(lib_a-malloc.o) (_free_r)
/home/odemki/st/stm32cubeide_1.8.0_2/plugins/com.st.stm32cube.ide.mcu.externaltools.gnu-tools-for-stm32.9-2020-q2-update.linux64_2.0.0.202105311346/tools/bin/../lib/gcc/arm-none-eabi/9.3.1/../../../../arm-none-eabi/lib/thumb/v7e-m+fp/hard/libc_nano.a(lib_a-nano-mallocr.o)
                              /home/odemki/st/stm32cubeide_1.8.0_2/plugins/com.st.stm32cube.ide.mcu.externaltools.gnu-tools-for-stm32.9-2020-q2-update.linux64_2.0.0.202105311346/tools/bin/../lib/gcc/arm-none-eabi/9.3.1/../../../../arm-none-eabi/lib/thumb/v7e-m+fp/hard/libc_nano.a(lib_a-malloc.o) (_malloc_r)
/home/odemki/st/stm32cubeide_1.8.0_2/plugins/com.st.stm32cube.ide.mcu.externaltools.gnu-tools-for-stm32.9-2020-q2-update.linux64_2.0.0.202105311346/tools/bin/../lib/gcc/arm-none-eabi/9.3.1/../../../../arm-none-eabi/lib/thumb/v7e-m+fp/hard/libc_nano.a(lib_a-sbrkr.o)
                              /home/odemki/st/stm32cubeide_1.8.0_2/plugins/com.st.stm32cube.ide.mcu.externaltools.gnu-tools-for-stm32.9-2020-q2-update.linux64_2.0.0.202105311346/tools/bin/../lib/gcc/arm-none-eabi/9.3.1/../../../../arm-none-eabi/lib/thumb/v7e-m+fp/hard/libc_nano.a(lib_a-nano-mallocr.o) (_sbrk_r)
[...]
Memory Configuration

Name             Origin             Length             Attributes
CCMRAM           0x0000000010000000 0x0000000000010000 xrw
RAM              0x0000000020000000 0x0000000000020000 xrw
FLASH            0x0000000008000000 0x0000000000100000 xr
*default*        0x0000000000000000 0xffffffffffffffff

Linker script and memory map

LOAD /home/odemki/st/stm32cubeide_1.8.0_2/plugins/com.st.stm32cube.ide.mcu.externaltools.gnu-tools-for-stm32.9-2020-q2-update.linux64_2.0.0.202105311346/tools/bin/../lib/gcc/arm-none-eabi/9.3.1/thumb/v7e-m+fp/hard/crti.o
LOAD /home/odemki/st/stm32cubeide_1.8.0_2/plugins/com.st.stm32cube.ide.mcu.externaltools.gnu-tools-for-stm32.9-2020-q2-update.linux64_2.0.0.202105311346/tools/bin/../lib/gcc/arm-none-eabi/9.3.1/thumb/v7e-m+fp/hard/crtbegin.o
LOAD /home/odemki/st/stm32cubeide_1.8.0_2/plugins/com.st.stm32cube.ide.mcu.externaltools.gnu-tools-for-stm32.9-2020-q2-update.linux64_2.0.0.202105311346/tools/bin/../lib/gcc/arm-none-eabi/9.3.1/../../../../arm-none-eabi/lib/thumb/v7e-m+fp/hard/crt0.o
LOAD ./Core/Src/main.o
LOAD ./Core/Src/stm32f4xx_hal_msp.o
LOAD ./Core/Src/stm32f4xx_it.o
LOAD ./Core/Src/syscalls.o
LOAD ./Core/Src/sysmem.o
LOAD ./Core/Src/system_stm32f4xx.o
LOAD ./Core/Startup/startup_stm32f407vgtx.o
LOAD ./Drivers/STM32F4xx_HAL_Driver/Src/stm32f4xx_hal.o
LOAD ./Drivers/STM32F4xx_HAL_Driver/Src/stm32f4xx_hal_cortex.o
LOAD ./Drivers/STM32F4xx_HAL_Driver/Src/stm32f4xx_hal_dma.o
LOAD ./Drivers/STM32F4xx_HAL_Driver/Src/stm32f4xx_hal_dma_ex.o
LOAD ./Drivers/STM32F4xx_HAL_Driver/Src/stm32f4xx_hal_exti.o
LOAD ./Drivers/STM32F4xx_HAL_Driver/Src/stm32f4xx_hal_flash.o
LOAD ./Drivers/STM32F4xx_HAL_Driver/Src/stm32f4xx_hal_flash_ex.o
LOAD ./Drivers/STM32F4xx_HAL_Driver/Src/stm32f4xx_hal_flash_ramfunc.o
LOAD ./Drivers/STM32F4xx_HAL_Driver/Src/stm32f4xx_hal_gpio.o
LOAD ./Drivers/STM32F4xx_HAL_Driver/Src/stm32f4xx_hal_hcd.o
LOAD ./Drivers/STM32F4xx_HAL_Driver/Src/stm32f4xx_hal_i2c.o
LOAD ./Drivers/STM32F4xx_HAL_Driver/Src/stm32f4xx_hal_i2c_ex.o
LOAD ./Drivers/STM32F4xx_HAL_Driver/Src/stm32f4xx_hal_i2s.o
LOAD ./Drivers/STM32F4xx_HAL_Driver/Src/stm32f4xx_hal_i2s_ex.o
LOAD ./Drivers/STM32F4xx_HAL_Driver/Src/stm32f4xx_hal_pwr.o
LOAD ./Drivers/STM32F4xx_HAL_Driver/Src/stm32f4xx_hal_pwr_ex.o
LOAD ./Drivers/STM32F4xx_HAL_Driver/Src/stm32f4xx_hal_rcc.o
LOAD ./Drivers/STM32F4xx_HAL_Driver/Src/stm32f4xx_hal_rcc_ex.o
LOAD ./Drivers/STM32F4xx_HAL_Driver/Src/stm32f4xx_hal_spi.o
LOAD ./Drivers/STM32F4xx_HAL_Driver/Src/stm32f4xx_hal_tim.o
LOAD ./Drivers/STM32F4xx_HAL_Driver/Src/stm32f4xx_hal_tim_ex.o
LOAD ./Drivers/STM32F4xx_HAL_Driver/Src/stm32f4xx_ll_usb.o
LOAD ./Middlewares/ST/STM32_USB_Host_Library/Class/CDC/Src/usbh_cdc.o
LOAD ./Middlewares/ST/STM32_USB_Host_Library/Core/Src/usbh_core.o
LOAD ./Middlewares/ST/STM32_USB_Host_Library/Core/Src/usbh_ctlreq.o
LOAD ./Middlewares/ST/STM32_USB_Host_Library/Core/Src/usbh_ioreq.o
LOAD ./Middlewares/ST/STM32_USB_Host_Library/Core/Src/usbh_pipes.o
LOAD ./USB_HOST/App/usb_host.o
LOAD ./USB_HOST/Target/usbh_conf.o
LOAD ./USB_HOST/Target/usbh_platform.o
START GROUP
LOAD /home/odemki/st/stm32cubeide_1.8.0_2/plugins/com.st.stm32cube.ide.mcu.externaltools.gnu-tools-for-stm32.9-2020-q2-update.linux64_2.0.0.202105311346/tools/bin/../lib/gcc/arm-none-eabi/9.3.1/../../../../arm-none-eabi/lib/thumb/v7e-m+fp/hard/libc_nano.a
LOAD /home/odemki/st/stm32cubeide_1.8.0_2/plugins/com.st.stm32cube.ide.mcu.externaltools.gnu-tools-for-stm32.9-2020-q2-update.linux64_2.0.0.202105311346/tools/bin/../lib/gcc/arm-none-eabi/9.3.1/../../../../arm-none-eabi/lib/thumb/v7e-m+fp/hard/libm.a
END GROUP
START GROUP
LOAD /home/odemki/st/stm32cubeide_1.8.0_2/plugins/com.st.stm32cube.ide.mcu.externaltools.gnu-tools-for-stm32.9-2020-q2-update.linux64_2.0.0.202105311346/tools/bin/../lib/gcc/arm-none-eabi/9.3.1/thumb/v7e-m+fp/hard/libgcc.a
LOAD /home/odemki/st/stm32cubeide_1.8.0_2/plugins/com.st.stm32cube.ide.mcu.externaltools.gnu-tools-for-stm32.9-2020-q2-update.linux64_2.0.0.202105311346/tools/bin/../lib/gcc/arm-none-eabi/9.3.1/../../../../arm-none-eabi/lib/thumb/v7e-m+fp/hard/libc_nano.a
END GROUP
START GROUP
LOAD /home/odemki/st/stm32cubeide_1.8.0_2/plugins/com.st.stm32cube.ide.mcu.externaltools.gnu-tools-for-stm32.9-2020-q2-update.linux64_2.0.0.202105311346/tools/bin/../lib/gcc/arm-none-eabi/9.3.1/thumb/v7e-m+fp/hard/libgcc.a
LOAD /home/odemki/st/stm32cubeide_1.8.0_2/plugins/com.st.stm32cube.ide.mcu.externaltools.gnu-tools-for-stm32.9-2020-q2-update.linux64_2.0.0.202105311346/tools/bin/../lib/gcc/arm-none-eabi/9.3.1/../../../../arm-none-eabi/lib/thumb/v7e-m+fp/hard/libc_nano.a
LOAD /home/odemki/st/stm32cubeide_1.8.0_2/plugins/com.st.stm32cube.ide.mcu.externaltools.gnu-tools-for-stm32.9-2020-q2-update.linux64_2.0.0.202105311346/tools/bin/../lib/gcc/arm-none-eabi/9.3.1/../../../../arm-none-eabi/lib/thumb/v7e-m+fp/hard/libnosys.a
END GROUP
START GROUP
LOAD /home/odemki/st/stm32cubeide_1.8.0_2/plugins/com.st.stm32cube.ide.mcu.externaltools.gnu-tools-for-stm32.9-2020-q2-update.linux64_2.0.0.202105311346/tools/bin/../lib/gcc/arm-none-eabi/9.3.1/thumb/v7e-m+fp/hard/libgcc.a
LOAD /home/odemki/st/stm32cubeide_1.8.0_2/plugins/com.st.stm32cube.ide.mcu.externaltools.gnu-tools-for-stm32.9-2020-q2-update.linux64_2.0.0.202105311346/tools/bin/../lib/gcc/arm-none-eabi/9.3.1/../../../../arm-none-eabi/lib/thumb/v7e-m+fp/hard/libc_nano.a
LOAD /home/odemki/st/stm32cubeide_1.8.0_2/plugins/com.st.stm32cube.ide.mcu.externaltools.gnu-tools-for-stm32.9-2020-q2-update.linux64_2.0.0.202105311346/tools/bin/../lib/gcc/arm-none-eabi/9.3.1/../../../../arm-none-eabi/lib/thumb/v7e-m+fp/hard/libnosys.a
END GROUP
LOAD /home/odemki/st/stm32cubeide_1.8.0_2/plugins/com.st.stm32cube.ide.mcu.externaltools.gnu-tools-for-stm32.9-2020-q2-update.linux64_2.0.0.202105311346/tools/bin/../lib/gcc/arm-none-eabi/9.3.1/thumb/v7e-m+fp/hard/crtend.o
LOAD /home/odemki/st/stm32cubeide_1.8.0_2/plugins/com.st.stm32cube.ide.mcu.externaltools.gnu-tools-for-stm32.9-2020-q2-update.linux64_2.0.0.202105311346/tools/bin/../lib/gcc/arm-none-eabi/9.3.1/thumb/v7e-m+fp/hard/crtn.o
                0x0000000020020000                _estack = (ORIGIN (RAM) + LENGTH (RAM))
                0x0000000000000200                _Min_Heap_Size = 0x200
                0x0000000000000400                _Min_Stack_Size = 0x400

.isr_vector     0x0000000008000000      0x188
                0x0000000008000000                . = ALIGN (0x4)
 *(.isr_vector)
 .isr_vector    0x0000000008000000      0x188 ./Core/Startup/startup_stm32f407vgtx.o
                0x0000000008000000                g_pfnVectors
                0x0000000008000188                . = ALIGN (0x4)

.text           0x0000000008000188     0x8900
                0x0000000008000188                . = ALIGN (0x4)
 *(.text)
 .text          0x0000000008000188       0x40 /home/odemki/st/stm32cubeide_1.8.0_2/plugins/com.st.stm32cube.ide.mcu.externaltools.gnu-tools-for-stm32.9-2020-q2-update.linux64_2.0.0.202105311346/tools/bin/../lib/gcc/arm-none-eabi/9.3.1/thumb/v7e-m+fp/hard/crtbegin.o
 .text          0x00000000080001c8       0x30 /home/odemki/st/stm32cubeide_1.8.0_2/plugins/com.st.stm32cube.ide.mcu.externaltools.gnu-tools-for-stm32.9-2020-q2-update.linux64_2.0.0.202105311346/tools/bin/../lib/gcc/arm-none-eabi/9.3.1/thumb/v7e-m+fp/hard/libgcc.a(_aeabi_uldivmod.o)
                0x00000000080001c8                __aeabi_uldivmod
 .text          0x00000000080001f8      0x2c4 /home/odemki/st/stm32cubeide_1.8.0_2/plugins/com.st.stm32cube.ide.mcu.externaltools.gnu-tools-for-stm32.9-2020-q2-update.linux64_2.0.0.202105311346/tools/bin/../lib/gcc/arm-none-eabi/9.3.1/thumb/v7e-m+fp/hard/libgcc.a(_udivmoddi4.o)
                0x00000000080001f8                __udivmoddi4
 .text          0x00000000080004bc        0x4 /home/odemki/st/stm32cubeide_1.8.0_2/plugins/com.st.stm32cube.ide.mcu.externaltools.gnu-tools-for-stm32.9-2020-q2-update.linux64_2.0.0.202105311346/tools/bin/../lib/gcc/arm-none-eabi/9.3.1/thumb/v7e-m+fp/hard/libgcc.a(_dvmd_tls.o)
                0x00000000080004bc                __aeabi_ldiv0
                0x00000000080004bc                __aeabi_idiv0
 *(.text*)
 .text.main     0x00000000080004c0      0x244 ./Core/Src/main.o
                0x00000000080004c0                main
 .text.SystemClock_Config
                0x0000000008000704       0xd4 ./Core/Src/main.o
                0x0000000008000704                SystemClock_Config
 .text.MX_I2C1_Init
                0x00000000080007d8       0x5c ./Core/Src/main.o
 .text.MX_I2S3_Init
                0x0000000008000834       0x60 ./Core/Src/main.o
 .text.MX_SPI1_Init
                0x0000000008000894       0x6c ./Core/Src/main.o
 .text.MX_TIM1_Init
                0x0000000008000900       0xb0 ./Core/Src/main.o
 .text.MX_TIM7_Init
                0x00000000080009b0       0x6c ./Core/Src/main.o
 .text.MX_GPIO_Init
                0x0000000008000a1c      0x228 ./Core/Src/main.o
 .text.Error_Handler
                0x0000000008000c44        0xa ./Core/Src/main.o
                0x0000000008000c44                Error_Handler
 *fill*         0x0000000008000c4e        0x2 
 .text.HAL_MspInit
                0x0000000008000c50       0x50 ./Core/Src/stm32f4xx_hal_msp.o
                0x0000000008000c50                HAL_MspInit
 .text.HAL_I2C_MspInit
                0x0000000008000ca0       0x90 ./Core/Src/stm32f4xx_hal_msp.o
                0x0000000008000ca0                HAL_I2C_MspInit
 .text.HAL_I2S_MspInit
                0x0000000008000d30      0x100 ./Core/Src/stm32f4xx_hal_msp.o
                0x0000000008000d30                HAL_I2S_MspInit
 .text.HAL_SPI_MspInit
                0x0000000008000e30       0x90 ./Core/Src/stm32f4xx_hal_msp.o
                0x0000000008000e30                HAL_SPI_MspInit
 .text.HAL_TIM_Encoder_MspInit
                0x0000000008000ec0       0x90 ./Core/Src/stm32f4xx_hal_msp.o
                0x0000000008000ec0                HAL_TIM_Encoder_MspInit
 .text.HAL_TIM_Base_MspInit
                0x0000000008000f50       0x50 ./Core/Src/stm32f4xx_hal_msp.o
                0x0000000008000f50                HAL_TIM_Base_MspInit
 .text.NMI_Handler
                0x0000000008000fa0        0x6 ./Core/Src/stm32f4xx_it.o
                0x0000000008000fa0                NMI_Handler
 .text.HardFault_Handler
                0x0000000008000fa6        0x6 ./Core/Src/stm32f4xx_it.o
                0x0000000008000fa6                HardFault_Handler
 .text.MemManage_Handler
                0x0000000008000fac        0x6 ./Core/Src/stm32f4xx_it.o
                0x0000000008000fac                MemManage_Handler
 .text.BusFault_Handler
                0x0000000008000fb2        0x6 ./Core/Src/stm32f4xx_it.o
                0x0000000008000fb2                BusFault_Handler
 .text.UsageFault_Handler
                0x0000000008000fb8        0x6 ./Core/Src/stm32f4xx_it.o
                0x0000000008000fb8                UsageFault_Handler
 .text.SVC_Handler
                0x0000000008000fbe        0xe ./Core/Src/stm32f4xx_it.o
                0x0000000008000fbe                SVC_Handler
 .text.DebugMon_Handler
                0x0000000008000fcc        0xe ./Core/Src/stm32f4xx_it.o
                0x0000000008000fcc                DebugMon_Handler
 .text.PendSV_Handler
                0x0000000008000fda        0xe ./Core/Src/stm32f4xx_it.o
                0x0000000008000fda                PendSV_Handler
 .text.SysTick_Handler
                0x0000000008000fe8        0xc ./Core/Src/stm32f4xx_it.o
                0x0000000008000fe8                SysTick_Handler
 .text.EXTI15_10_IRQHandler
                0x0000000008000ff4       0x1c ./Core/Src/stm32f4xx_it.o
                0x0000000008000ff4                EXTI15_10_IRQHandler
 .text.TIM7_IRQHandler
                0x0000000008001010       0x58 ./Core/Src/stm32f4xx_it.o
                0x0000000008001010                TIM7_IRQHandler
 .text.OTG_FS_IRQHandler
                0x0000000008001068       0x14 ./Core/Src/stm32f4xx_it.o
                0x0000000008001068                OTG_FS_IRQHandler
 .text._sbrk    0x000000000800107c       0x6c ./Core/Src/sysmem.o
                0x000000000800107c                _sbrk
 .text.SystemInit
                0x00000000080010e8       0x24 ./Core/Src/system_stm32f4xx.o
                0x00000000080010e8                SystemInit
 .text.Reset_Handler
                0x000000000800110c       0x50 ./Core/Startup/startup_stm32f407vgtx.o
                0x000000000800110c                Reset_Handler
 .text.Default_Handler
                0x000000000800115c        0x2 ./Core/Startup/startup_stm32f407vgtx.o
                0x000000000800115c                RTC_Alarm_IRQHandler
                0x000000000800115c                HASH_RNG_IRQHandler
                0x000000000800115c                EXTI2_IRQHandler
                0x000000000800115c                TIM8_CC_IRQHandler
                0x000000000800115c                TIM1_CC_IRQHandler
                0x000000000800115c                DMA2_Stream5_IRQHandler
                0x000000000800115c                DMA1_Stream5_IRQHandler
                0x000000000800115c                PVD_IRQHandler
                0x000000000800115c                SDIO_IRQHandler
                0x000000000800115c                TAMP_STAMP_IRQHandler
                0x000000000800115c                CAN2_RX1_IRQHandler
                0x000000000800115c                EXTI3_IRQHandler
                0x000000000800115c                TIM8_TRG_COM_TIM14_IRQHandler
                0x000000000800115c                TIM1_UP_TIM10_IRQHandler
                0x000000000800115c                TIM8_UP_TIM13_IRQHandler
                0x000000000800115c                I2C3_ER_IRQHandler
                0x000000000800115c                EXTI0_IRQHandler
                0x000000000800115c                I2C2_EV_IRQHandler
                0x000000000800115c                DMA1_Stream2_IRQHandler
                0x000000000800115c                CAN1_RX0_IRQHandler
                0x000000000800115c                FPU_IRQHandler
                0x000000000800115c                OTG_HS_WKUP_IRQHandler
                0x000000000800115c                CAN2_SCE_IRQHandler
                0x000000000800115c                DMA2_Stream2_IRQHandler
                0x000000000800115c                SPI1_IRQHandler
                0x000000000800115c                TIM6_DAC_IRQHandler
                0x000000000800115c                TIM1_BRK_TIM9_IRQHandler
                0x000000000800115c                DCMI_IRQHandler
                0x000000000800115c                CAN2_RX0_IRQHandler
                0x000000000800115c                DMA2_Stream3_IRQHandler
                0x000000000800115c                USART6_IRQHandler
                0x000000000800115c                USART3_IRQHandler
                0x000000000800115c                CAN1_RX1_IRQHandler
                0x000000000800115c                UART5_IRQHandler
                0x000000000800115c                DMA2_Stream0_IRQHandler
                0x000000000800115c                TIM4_IRQHandler
                0x000000000800115c                I2C1_EV_IRQHandler
                0x000000000800115c                DMA1_Stream6_IRQHandler
                0x000000000800115c                DMA1_Stream1_IRQHandler
                0x000000000800115c                UART4_IRQHandler
                0x000000000800115c                TIM3_IRQHandler
                0x000000000800115c                RCC_IRQHandler
                0x000000000800115c                TIM8_BRK_TIM12_IRQHandler
                0x000000000800115c                Default_Handler
                0x000000000800115c                ADC_IRQHandler
                0x000000000800115c                DMA1_Stream7_IRQHandler
                0x000000000800115c                CAN2_TX_IRQHandler
                0x000000000800115c                TIM5_IRQHandler
                0x000000000800115c                DMA2_Stream7_IRQHandler
                0x000000000800115c                I2C3_EV_IRQHandler
                0x000000000800115c                EXTI9_5_IRQHandler
                0x000000000800115c                RTC_WKUP_IRQHandler
                0x000000000800115c                ETH_WKUP_IRQHandler
                0x000000000800115c                SPI2_IRQHandler
                0x000000000800115c                OTG_HS_EP1_IN_IRQHandler
                0x000000000800115c                DMA1_Stream0_IRQHandler
                0x000000000800115c                CAN1_TX_IRQHandler
                0x000000000800115c                EXTI4_IRQHandler
                0x000000000800115c                FSMC_IRQHandler
                0x000000000800115c                ETH_IRQHandler
                0x000000000800115c                OTG_HS_EP1_OUT_IRQHandler
                0x000000000800115c                WWDG_IRQHandler
                0x000000000800115c                TIM2_IRQHandler
                0x000000000800115c                OTG_FS_WKUP_IRQHandler
                0x000000000800115c                TIM1_TRG_COM_TIM11_IRQHandler
                0x000000000800115c                OTG_HS_IRQHandler
                0x000000000800115c                EXTI1_IRQHandler
                0x000000000800115c                USART2_IRQHandler
                0x000000000800115c                I2C2_ER_IRQHandler
                0x000000000800115c                DMA2_Stream1_IRQHandler
                0x000000000800115c                CAN1_SCE_IRQHandler
                0x000000000800115c                FLASH_IRQHandler
                0x000000000800115c                DMA2_Stream4_IRQHandler
                0x000000000800115c                USART1_IRQHandler
                0x000000000800115c                SPI3_IRQHandler
                0x000000000800115c                DMA1_Stream4_IRQHandler
                0x000000000800115c                I2C1_ER_IRQHandler
                0x000000000800115c                DMA2_Stream6_IRQHandler
                0x000000000800115c                DMA1_Stream3_IRQHandler
 *fill*         0x000000000800115e        0x2 
 .text.HAL_Init
                0x0000000008001160       0x44 ./Drivers/STM32F4xx_HAL_Driver/Src/stm32f4xx_hal.o
                0x0000000008001160                HAL_Init
 .text.HAL_InitTick
                0x00000000080011a4       0x60 ./Drivers/STM32F4xx_HAL_Driver/Src/stm32f4xx_hal.o
                0x00000000080011a4                HAL_InitTick
 .text.HAL_IncTick
                0x0000000008001204       0x28 ./Drivers/STM32F4xx_HAL_Driver/Src/stm32f4xx_hal.o
                0x0000000008001204                HAL_IncTick
 .text.HAL_GetTick
                0x000000000800122c       0x18 ./Drivers/STM32F4xx_HAL_Driver/Src/stm32f4xx_hal.o
                0x000000000800122c                HAL_GetTick
 .text.HAL_Delay
                0x0000000008001244       0x48 ./Drivers/STM32F4xx_HAL_Driver/Src/stm32f4xx_hal.o
                0x0000000008001244                HAL_Delay
 .text.__NVIC_SetPriorityGrouping
                0x000000000800128c       0x48 ./Drivers/STM32F4xx_HAL_Driver/Src/stm32f4xx_hal_cortex.o
 .text.__NVIC_GetPriorityGrouping
                0x00000000080012d4       0x1c ./Drivers/STM32F4xx_HAL_Driver/Src/stm32f4xx_hal_cortex.o
 .text.__NVIC_EnableIRQ
                0x00000000080012f0       0x3c ./Drivers/STM32F4xx_HAL_Driver/Src/stm32f4xx_hal_cortex.o
 .text.__NVIC_SetPriority
                0x000000000800132c       0x54 ./Drivers/STM32F4xx_HAL_Driver/Src/stm32f4xx_hal_cortex.o
 .text.NVIC_EncodePriority
                0x0000000008001380       0x66 ./Drivers/STM32F4xx_HAL_Driver/Src/stm32f4xx_hal_cortex.o
 *fill*         0x00000000080013e6        0x2 
 .text.SysTick_Config
                0x00000000080013e8       0x44 ./Drivers/STM32F4xx_HAL_Driver/Src/stm32f4xx_hal_cortex.o
 .text.HAL_NVIC_SetPriorityGrouping
                0x000000000800142c       0x16 ./Drivers/STM32F4xx_HAL_Driver/Src/stm32f4xx_hal_cortex.o
                0x000000000800142c                HAL_NVIC_SetPriorityGrouping
 .text.HAL_NVIC_SetPriority
                0x0000000008001442       0x38 ./Drivers/STM32F4xx_HAL_Driver/Src/stm32f4xx_hal_cortex.o
                0x0000000008001442                HAL_NVIC_SetPriority
 .text.HAL_NVIC_EnableIRQ
                0x000000000800147a       0x1c ./Drivers/STM32F4xx_HAL_Driver/Src/stm32f4xx_hal_cortex.o
                0x000000000800147a                HAL_NVIC_EnableIRQ
 .text.HAL_SYSTICK_Config
                0x0000000008001496       0x18 ./Drivers/STM32F4xx_HAL_Driver/Src/stm32f4xx_hal_cortex.o
                0x0000000008001496                HAL_SYSTICK_Config
 *fill*         0x00000000080014ae        0x2 
 .text.HAL_GPIO_Init
                0x00000000080014b0      0x338 ./Drivers/STM32F4xx_HAL_Driver/Src/stm32f4xx_hal_gpio.o
                0x00000000080014b0                HAL_GPIO_Init
 .text.HAL_GPIO_ReadPin
                0x00000000080017e8       0x30 ./Drivers/STM32F4xx_HAL_Driver/Src/stm32f4xx_hal_gpio.o
                0x00000000080017e8                HAL_GPIO_ReadPin
 .text.HAL_GPIO_WritePin
                0x0000000008001818       0x32 ./Drivers/STM32F4xx_HAL_Driver/Src/stm32f4xx_hal_gpio.o
                0x0000000008001818                HAL_GPIO_WritePin
 *fill*         0x000000000800184a        0x2 
 .text.HAL_GPIO_EXTI_IRQHandler
                0x000000000800184c       0x30 ./Drivers/STM32F4xx_HAL_Driver/Src/stm32f4xx_hal_gpio.o
                0x000000000800184c                HAL_GPIO_EXTI_IRQHandler
 .text.HAL_GPIO_EXTI_Callback
                0x000000000800187c       0x16 ./Drivers/STM32F4xx_HAL_Driver/Src/stm32f4xx_hal_gpio.o
                0x000000000800187c                HAL_GPIO_EXTI_Callback
 .text.HAL_HCD_Init
                0x0000000008001892       0xc4 ./Drivers/STM32F4xx_HAL_Driver/Src/stm32f4xx_hal_hcd.o
                0x0000000008001892                HAL_HCD_Init
 .text.HAL_HCD_HC_Init
                0x0000000008001956      0x11e ./Drivers/STM32F4xx_HAL_Driver/Src/stm32f4xx_hal_hcd.o
                0x0000000008001956                HAL_HCD_HC_Init
 .text.HAL_HCD_HC_Halt
                0x0000000008001a74       0x46 ./Drivers/STM32F4xx_HAL_Driver/Src/stm32f4xx_hal_hcd.o
                0x0000000008001a74                HAL_HCD_HC_Halt
 *fill*         0x0000000008001aba        0x2 
 .text.HAL_HCD_HC_SubmitRequest
                0x0000000008001abc      0x2ac ./Drivers/STM32F4xx_HAL_Driver/Src/stm32f4xx_hal_hcd.o
                0x0000000008001abc                HAL_HCD_HC_SubmitRequest
 .text.HAL_HCD_IRQHandler
                0x0000000008001d68      0x216 ./Drivers/STM32F4xx_HAL_Driver/Src/stm32f4xx_hal_hcd.o
                0x0000000008001d68                HAL_HCD_IRQHandler
 .text.HAL_HCD_Start
                0x0000000008001f7e       0x46 ./Drivers/STM32F4xx_HAL_Driver/Src/stm32f4xx_hal_hcd.o
                0x0000000008001f7e                HAL_HCD_Start
 .text.HAL_HCD_Stop
                0x0000000008001fc4       0x3a ./Drivers/STM32F4xx_HAL_Driver/Src/stm32f4xx_hal_hcd.o
                0x0000000008001fc4                HAL_HCD_Stop
 .text.HAL_HCD_ResetPort
                0x0000000008001ffe       0x1c ./Drivers/STM32F4xx_HAL_Driver/Src/stm32f4xx_hal_hcd.o
                0x0000000008001ffe                HAL_HCD_ResetPort
 .text.HAL_HCD_HC_GetURBState
                0x000000000800201a       0x28 ./Drivers/STM32F4xx_HAL_Driver/Src/stm32f4xx_hal_hcd.o
                0x000000000800201a                HAL_HCD_HC_GetURBState
 .text.HAL_HCD_HC_GetXferCount
                0x0000000008002042       0x28 ./Drivers/STM32F4xx_HAL_Driver/Src/stm32f4xx_hal_hcd.o
                0x0000000008002042                HAL_HCD_HC_GetXferCount
 .text.HAL_HCD_GetCurrentFrame
                0x000000000800206a       0x1c ./Drivers/STM32F4xx_HAL_Driver/Src/stm32f4xx_hal_hcd.o
                0x000000000800206a                HAL_HCD_GetCurrentFrame
 .text.HAL_HCD_GetCurrentSpeed
                0x0000000008002086       0x1c ./Drivers/STM32F4xx_HAL_Driver/Src/stm32f4xx_hal_hcd.o
                0x0000000008002086                HAL_HCD_GetCurrentSpeed
 .text.HCD_HC_IN_IRQHandler
                0x00000000080020a2      0x844 ./Drivers/STM32F4xx_HAL_Driver/Src/stm32f4xx_hal_hcd.o
 .text.HCD_HC_OUT_IRQHandler
                0x00000000080028e6      0x802 ./Drivers/STM32F4xx_HAL_Driver/Src/stm32f4xx_hal_hcd.o
 .text.HCD_RXQLVL_IRQHandler
                0x00000000080030e8      0x1a4 ./Drivers/STM32F4xx_HAL_Driver/Src/stm32f4xx_hal_hcd.o
 .text.HCD_Port_IRQHandler
                0x000000000800328c       0xe6 ./Drivers/STM32F4xx_HAL_Driver/Src/stm32f4xx_hal_hcd.o
 *fill*         0x0000000008003372        0x2 
 .text.HAL_I2C_Init
                0x0000000008003374      0x288 ./Drivers/STM32F4xx_HAL_Driver/Src/stm32f4xx_hal_i2c.o
                0x0000000008003374                HAL_I2C_Init
 .text.HAL_I2S_Init
                0x00000000080035fc      0x280 ./Drivers/STM32F4xx_HAL_Driver/Src/stm32f4xx_hal_i2s.o
                0x00000000080035fc                HAL_I2S_Init
 .text.HAL_I2S_TxCpltCallback
                0x000000000800387c       0x14 ./Drivers/STM32F4xx_HAL_Driver/Src/stm32f4xx_hal_i2s.o
                0x000000000800387c                HAL_I2S_TxCpltCallback
 .text.HAL_I2S_RxCpltCallback
                0x0000000008003890       0x14 ./Drivers/STM32F4xx_HAL_Driver/Src/stm32f4xx_hal_i2s.o
                0x0000000008003890                HAL_I2S_RxCpltCallback
 .text.HAL_I2S_ErrorCallback
                0x00000000080038a4       0x14 ./Drivers/STM32F4xx_HAL_Driver/Src/stm32f4xx_hal_i2s.o
                0x00000000080038a4                HAL_I2S_ErrorCallback
 .text.I2S_Transmit_IT
                0x00000000080038b8       0x5c ./Drivers/STM32F4xx_HAL_Driver/Src/stm32f4xx_hal_i2s.o
 .text.I2S_Receive_IT
                0x0000000008003914       0x5e ./Drivers/STM32F4xx_HAL_Driver/Src/stm32f4xx_hal_i2s.o
 .text.I2S_IRQHandler
                0x0000000008003972      0x114 ./Drivers/STM32F4xx_HAL_Driver/Src/stm32f4xx_hal_i2s.o
 *fill*         0x0000000008003a86        0x2 
 .text.HAL_I2SEx_FullDuplex_IRQHandler
                0x0000000008003a88      0x2a8 ./Drivers/STM32F4xx_HAL_Driver/Src/stm32f4xx_hal_i2s_ex.o
                0x0000000008003a88                HAL_I2SEx_FullDuplex_IRQHandler
 .text.HAL_I2SEx_TxRxCpltCallback
                0x0000000008003d30       0x14 ./Drivers/STM32F4xx_HAL_Driver/Src/stm32f4xx_hal_i2s_ex.o
                0x0000000008003d30                HAL_I2SEx_TxRxCpltCallback
 .text.I2SEx_TxISR_I2S
                0x0000000008003d44       0x62 ./Drivers/STM32F4xx_HAL_Driver/Src/stm32f4xx_hal_i2s_ex.o
 *fill*         0x0000000008003da6        0x2 
 .text.I2SEx_TxISR_I2SExt
                0x0000000008003da8       0x98 ./Drivers/STM32F4xx_HAL_Driver/Src/stm32f4xx_hal_i2s_ex.o
 .text.I2SEx_RxISR_I2S
                0x0000000008003e40       0x64 ./Drivers/STM32F4xx_HAL_Driver/Src/stm32f4xx_hal_i2s_ex.o
 .text.I2SEx_RxISR_I2SExt
                0x0000000008003ea4       0x98 ./Drivers/STM32F4xx_HAL_Driver/Src/stm32f4xx_hal_i2s_ex.o
 .text.HAL_RCC_OscConfig
                0x0000000008003f3c      0x4f0 ./Drivers/STM32F4xx_HAL_Driver/Src/stm32f4xx_hal_rcc.o
                0x0000000008003f3c                HAL_RCC_OscConfig
 .text.HAL_RCC_ClockConfig
                0x000000000800442c      0x1cc ./Drivers/STM32F4xx_HAL_Driver/Src/stm32f4xx_hal_rcc.o
                0x000000000800442c                HAL_RCC_ClockConfig
 .text.HAL_RCC_GetSysClockFreq
                0x00000000080045f8      0x1c4 ./Drivers/STM32F4xx_HAL_Driver/Src/stm32f4xx_hal_rcc.o
                0x00000000080045f8                HAL_RCC_GetSysClockFreq
 .text.HAL_RCC_GetHCLKFreq
                0x00000000080047bc       0x18 ./Drivers/STM32F4xx_HAL_Driver/Src/stm32f4xx_hal_rcc.o
                0x00000000080047bc                HAL_RCC_GetHCLKFreq
 .text.HAL_RCC_GetPCLK1Freq
                0x00000000080047d4       0x28 ./Drivers/STM32F4xx_HAL_Driver/Src/stm32f4xx_hal_rcc.o
                0x00000000080047d4                HAL_RCC_GetPCLK1Freq
 .text.HAL_RCCEx_PeriphCLKConfig
                0x00000000080047fc      0x1c4 ./Drivers/STM32F4xx_HAL_Driver/Src/stm32f4xx_hal_rcc_ex.o
                0x00000000080047fc                HAL_RCCEx_PeriphCLKConfig
 .text.HAL_RCCEx_GetPeriphCLKFreq
                0x00000000080049c0       0xbc ./Drivers/STM32F4xx_HAL_Driver/Src/stm32f4xx_hal_rcc_ex.o
                0x00000000080049c0                HAL_RCCEx_GetPeriphCLKFreq
 .text.HAL_SPI_Init
                0x0000000008004a7c      0x112 ./Drivers/STM32F4xx_HAL_Driver/Src/stm32f4xx_hal_spi.o
                0x0000000008004a7c                HAL_SPI_Init
 .text.HAL_TIM_Base_Init
                0x0000000008004b8e       0x9e ./Drivers/STM32F4xx_HAL_Driver/Src/stm32f4xx_hal_tim.o
                0x0000000008004b8e                HAL_TIM_Base_Init
 .text.HAL_TIM_Base_Start_IT
                0x0000000008004c2c       0xe0 ./Drivers/STM32F4xx_HAL_Driver/Src/stm32f4xx_hal_tim.o
                0x0000000008004c2c                HAL_TIM_Base_Start_IT
 .text.HAL_TIM_Base_Stop_IT
                0x0000000008004d0c       0x5e ./Drivers/STM32F4xx_HAL_Driver/Src/stm32f4xx_hal_tim.o
                0x0000000008004d0c                HAL_TIM_Base_Stop_IT
 .text.HAL_TIM_Encoder_Init
                0x0000000008004d6a      0x14c ./Drivers/STM32F4xx_HAL_Driver/Src/stm32f4xx_hal_tim.o
                0x0000000008004d6a                HAL_TIM_Encoder_Init
 .text.HAL_TIM_Encoder_Start
                0x0000000008004eb6      0x11c ./Drivers/STM32F4xx_HAL_Driver/Src/stm32f4xx_hal_tim.o
                0x0000000008004eb6                HAL_TIM_Encoder_Start
 .text.HAL_TIM_IRQHandler
                0x0000000008004fd2      0x210 ./Drivers/STM32F4xx_HAL_Driver/Src/stm32f4xx_hal_tim.o
                0x0000000008004fd2                HAL_TIM_IRQHandler
 .text.HAL_TIM_PeriodElapsedCallback
                0x00000000080051e2       0x14 ./Drivers/STM32F4xx_HAL_Driver/Src/stm32f4xx_hal_tim.o
                0x00000000080051e2                HAL_TIM_PeriodElapsedCallback
 .text.HAL_TIM_OC_DelayElapsedCallback
                0x00000000080051f6       0x14 ./Drivers/STM32F4xx_HAL_Driver/Src/stm32f4xx_hal_tim.o
                0x00000000080051f6                HAL_TIM_OC_DelayElapsedCallback
 .text.HAL_TIM_IC_CaptureCallback
                0x000000000800520a       0x14 ./Drivers/STM32F4xx_HAL_Driver/Src/stm32f4xx_hal_tim.o
                0x000000000800520a                HAL_TIM_IC_CaptureCallback
 .text.HAL_TIM_PWM_PulseFinishedCallback
                0x000000000800521e       0x14 ./Drivers/STM32F4xx_HAL_Driver/Src/stm32f4xx_hal_tim.o
                0x000000000800521e                HAL_TIM_PWM_PulseFinishedCallback
 .text.HAL_TIM_TriggerCallback
                0x0000000008005232       0x14 ./Drivers/STM32F4xx_HAL_Driver/Src/stm32f4xx_hal_tim.o
                0x0000000008005232                HAL_TIM_TriggerCallback
 *fill*         0x0000000008005246        0x2 
 .text.TIM_Base_SetConfig
                0x0000000008005248      0x140 ./Drivers/STM32F4xx_HAL_Driver/Src/stm32f4xx_hal_tim.o
                0x0000000008005248                TIM_Base_SetConfig
 .text.TIM_CCxChannelCmd
                0x0000000008005388       0x4a ./Drivers/STM32F4xx_HAL_Driver/Src/stm32f4xx_hal_tim.o
                0x0000000008005388                TIM_CCxChannelCmd
 *fill*         0x00000000080053d2        0x2 
 .text.HAL_TIMEx_MasterConfigSynchronization
                0x00000000080053d4       0xf8 ./Drivers/STM32F4xx_HAL_Driver/Src/stm32f4xx_hal_tim_ex.o
                0x00000000080053d4                HAL_TIMEx_MasterConfigSynchronization
 .text.HAL_TIMEx_CommutCallback
                0x00000000080054cc       0x14 ./Drivers/STM32F4xx_HAL_Driver/Src/stm32f4xx_hal_tim_ex.o
                0x00000000080054cc                HAL_TIMEx_CommutCallback
 .text.HAL_TIMEx_BreakCallback
                0x00000000080054e0       0x14 ./Drivers/STM32F4xx_HAL_Driver/Src/stm32f4xx_hal_tim_ex.o
                0x00000000080054e0                HAL_TIMEx_BreakCallback
 .text.USB_CoreInit
                0x00000000080054f4       0xc2 ./Drivers/STM32F4xx_HAL_Driver/Src/stm32f4xx_ll_usb.o
                0x00000000080054f4                USB_CoreInit
 .text.USB_EnableGlobalInt
                0x00000000080055b6       0x22 ./Drivers/STM32F4xx_HAL_Driver/Src/stm32f4xx_ll_usb.o
                0x00000000080055b6                USB_EnableGlobalInt
 .text.USB_DisableGlobalInt
                0x00000000080055d8       0x22 ./Drivers/STM32F4xx_HAL_Driver/Src/stm32f4xx_ll_usb.o
                0x00000000080055d8                USB_DisableGlobalInt
 .text.USB_SetCurrentMode
                0x00000000080055fa       0x98 ./Drivers/STM32F4xx_HAL_Driver/Src/stm32f4xx_ll_usb.o
                0x00000000080055fa                USB_SetCurrentMode
 *fill*         0x0000000008005692        0x2 
 .text.USB_FlushTxFifo
                0x0000000008005694       0x48 ./Drivers/STM32F4xx_HAL_Driver/Src/stm32f4xx_ll_usb.o
                0x0000000008005694                USB_FlushTxFifo
 .text.USB_FlushRxFifo
                0x00000000080056dc       0x40 ./Drivers/STM32F4xx_HAL_Driver/Src/stm32f4xx_ll_usb.o
                0x00000000080056dc                USB_FlushRxFifo
 .text.USB_WritePacket
                0x000000000800571c       0x7c ./Drivers/STM32F4xx_HAL_Driver/Src/stm32f4xx_ll_usb.o
                0x000000000800571c                USB_WritePacket
 .text.USB_ReadPacket
                0x0000000008005798       0xb0 ./Drivers/STM32F4xx_HAL_Driver/Src/stm32f4xx_ll_usb.o
                0x0000000008005798                USB_ReadPacket
 .text.USB_ReadInterrupts
                0x0000000008005848       0x26 ./Drivers/STM32F4xx_HAL_Driver/Src/stm32f4xx_ll_usb.o
                0x0000000008005848                USB_ReadInterrupts
 .text.USB_GetMode
                0x000000000800586e       0x1c ./Drivers/STM32F4xx_HAL_Driver/Src/stm32f4xx_ll_usb.o
                0x000000000800586e                USB_GetMode
 *fill*         0x000000000800588a        0x2 
 .text.USB_CoreReset
                0x000000000800588c       0x64 ./Drivers/STM32F4xx_HAL_Driver/Src/stm32f4xx_ll_usb.o
 .text.USB_HostInit
                0x00000000080058f0      0x168 ./Drivers/STM32F4xx_HAL_Driver/Src/stm32f4xx_ll_usb.o
                0x00000000080058f0                USB_HostInit
 .text.USB_InitFSLSPClkSel
                0x0000000008005a58       0x74 ./Drivers/STM32F4xx_HAL_Driver/Src/stm32f4xx_ll_usb.o
                0x0000000008005a58                USB_InitFSLSPClkSel
 .text.USB_ResetPort
                0x0000000008005acc       0x54 ./Drivers/STM32F4xx_HAL_Driver/Src/stm32f4xx_ll_usb.o
                0x0000000008005acc                USB_ResetPort
 .text.USB_DriveVbus
                0x0000000008005b20       0x72 ./Drivers/STM32F4xx_HAL_Driver/Src/stm32f4xx_ll_usb.o
                0x0000000008005b20                USB_DriveVbus
 .text.USB_GetHostSpeed
                0x0000000008005b92       0x2e ./Drivers/STM32F4xx_HAL_Driver/Src/stm32f4xx_ll_usb.o
                0x0000000008005b92                USB_GetHostSpeed
 .text.USB_GetCurrentFrame
                0x0000000008005bc0       0x22 ./Drivers/STM32F4xx_HAL_Driver/Src/stm32f4xx_ll_usb.o
                0x0000000008005bc0                USB_GetCurrentFrame
 *fill*         0x0000000008005be2        0x2 
 .text.USB_HC_Init
                0x0000000008005be4      0x21c ./Drivers/STM32F4xx_HAL_Driver/Src/stm32f4xx_ll_usb.o
                0x0000000008005be4                USB_HC_Init
 .text.USB_HC_StartXfer
                0x0000000008005e00      0x284 ./Drivers/STM32F4xx_HAL_Driver/Src/stm32f4xx_ll_usb.o
                0x0000000008005e00                USB_HC_StartXfer
 .text.USB_HC_ReadInterrupt
                0x0000000008006084       0x22 ./Drivers/STM32F4xx_HAL_Driver/Src/stm32f4xx_ll_usb.o
                0x0000000008006084                USB_HC_ReadInterrupt
 .text.USB_HC_Halt
                0x00000000080060a6      0x238 ./Drivers/STM32F4xx_HAL_Driver/Src/stm32f4xx_ll_usb.o
                0x00000000080060a6                USB_HC_Halt
 *fill*         0x00000000080062de        0x2 
 .text.USB_DoPing
                0x00000000080062e0       0x78 ./Drivers/STM32F4xx_HAL_Driver/Src/stm32f4xx_ll_usb.o
                0x00000000080062e0                USB_DoPing
 .text.USB_StopHost
                0x0000000008006358      0x10c ./Drivers/STM32F4xx_HAL_Driver/Src/stm32f4xx_ll_usb.o
                0x0000000008006358                USB_StopHost
 .text.USBH_CDC_InterfaceInit
                0x0000000008006464      0x2ac ./Middlewares/ST/STM32_USB_Host_Library/Class/CDC/Src/usbh_cdc.o
 .text.USBH_CDC_InterfaceDeInit
                0x0000000008006710       0xb2 ./Middlewares/ST/STM32_USB_Host_Library/Class/CDC/Src/usbh_cdc.o
 .text.USBH_CDC_ClassRequest
                0x00000000080067c2       0x3e ./Middlewares/ST/STM32_USB_Host_Library/Class/CDC/Src/usbh_cdc.o
 .text.USBH_CDC_Process
                0x0000000008006800      0x12c ./Middlewares/ST/STM32_USB_Host_Library/Class/CDC/Src/usbh_cdc.o
 .text.USBH_CDC_SOFProcess
                0x000000000800692c       0x16 ./Middlewares/ST/STM32_USB_Host_Library/Class/CDC/Src/usbh_cdc.o
 .text.GetLineCoding
                0x0000000008006942       0x3e ./Middlewares/ST/STM32_USB_Host_Library/Class/CDC/Src/usbh_cdc.o
 .text.SetLineCoding
                0x0000000008006980       0x3e ./Middlewares/ST/STM32_USB_Host_Library/Class/CDC/Src/usbh_cdc.o
 .text.CDC_ProcessTransmission
                0x00000000080069be       0xec ./Middlewares/ST/STM32_USB_Host_Library/Class/CDC/Src/usbh_cdc.o
 .text.CDC_ProcessReception
                0x0000000008006aaa       0xb6 ./Middlewares/ST/STM32_USB_Host_Library/Class/CDC/Src/usbh_cdc.o
 .text.USBH_CDC_TransmitCallback
                0x0000000008006b60       0x14 ./Middlewares/ST/STM32_USB_Host_Library/Class/CDC/Src/usbh_cdc.o
                0x0000000008006b60                USBH_CDC_TransmitCallback
 .text.USBH_CDC_ReceiveCallback
                0x0000000008006b74       0x14 ./Middlewares/ST/STM32_USB_Host_Library/Class/CDC/Src/usbh_cdc.o
                0x0000000008006b74                USBH_CDC_ReceiveCallback
 .text.USBH_CDC_LineCodingChanged
                0x0000000008006b88       0x14 ./Middlewares/ST/STM32_USB_Host_Library/Class/CDC/Src/usbh_cdc.o
                0x0000000008006b88                USBH_CDC_LineCodingChanged
 .text.USBH_Init
                0x0000000008006b9c       0x74 ./Middlewares/ST/STM32_USB_Host_Library/Core/Src/usbh_core.o
                0x0000000008006b9c                USBH_Init
 .text.DeInitStateMachine
                0x0000000008006c10       0xa8 ./Middlewares/ST/STM32_USB_Host_Library/Core/Src/usbh_core.o
 .text.USBH_RegisterClass
                0x0000000008006cb8       0x54 ./Middlewares/ST/STM32_USB_Host_Library/Core/Src/usbh_core.o
                0x0000000008006cb8                USBH_RegisterClass
 .text.USBH_SelectInterface
                0x0000000008006d0c       0x38 ./Middlewares/ST/STM32_USB_Host_Library/Core/Src/usbh_core.o
                0x0000000008006d0c                USBH_SelectInterface
 .text.USBH_FindInterface
                0x0000000008006d44       0x8c ./Middlewares/ST/STM32_USB_Host_Library/Core/Src/usbh_core.o
                0x0000000008006d44                USBH_FindInterface
 .text.USBH_Start
                0x0000000008006dd0       0x20 ./Middlewares/ST/STM32_USB_Host_Library/Core/Src/usbh_core.o
                0x0000000008006dd0                USBH_Start
 .text.USBH_Process
                0x0000000008006df0      0x3c0 ./Middlewares/ST/STM32_USB_Host_Library/Core/Src/usbh_core.o
                0x0000000008006df0                USBH_Process
 .text.USBH_HandleEnum
                0x00000000080071b0      0x3c8 ./Middlewares/ST/STM32_USB_Host_Library/Core/Src/usbh_core.o
 .text.USBH_LL_SetTimer
                0x0000000008007578       0x1e ./Middlewares/ST/STM32_USB_Host_Library/Core/Src/usbh_core.o
                0x0000000008007578                USBH_LL_SetTimer
 .text.USBH_LL_IncTimer
                0x0000000008007596       0x24 ./Middlewares/ST/STM32_USB_Host_Library/Core/Src/usbh_core.o
                0x0000000008007596                USBH_LL_IncTimer
 .text.USBH_HandleSof
                0x00000000080075ba       0x30 ./Middlewares/ST/STM32_USB_Host_Library/Core/Src/usbh_core.o
 .text.USBH_LL_PortEnabled
                0x00000000080075ea       0x1c ./Middlewares/ST/STM32_USB_Host_Library/Core/Src/usbh_core.o
                0x00000000080075ea                USBH_LL_PortEnabled
 .text.USBH_LL_PortDisabled
                0x0000000008007606       0x1c ./Middlewares/ST/STM32_USB_Host_Library/Core/Src/usbh_core.o
                0x0000000008007606                USBH_LL_PortDisabled
 .text.USBH_LL_Connect
                0x0000000008007622       0x2e ./Middlewares/ST/STM32_USB_Host_Library/Core/Src/usbh_core.o
                0x0000000008007622                USBH_LL_Connect
 .text.USBH_LL_Disconnect
                0x0000000008007650       0x48 ./Middlewares/ST/STM32_USB_Host_Library/Core/Src/usbh_core.o
                0x0000000008007650                USBH_LL_Disconnect
 .text.USBH_Get_DevDesc
                0x0000000008007698       0x50 ./Middlewares/ST/STM32_USB_Host_Library/Core/Src/usbh_ctlreq.o
                0x0000000008007698                USBH_Get_DevDesc
 .text.USBH_Get_CfgDesc
                0x00000000080076e8       0x48 ./Middlewares/ST/STM32_USB_Host_Library/Core/Src/usbh_ctlreq.o
                0x00000000080076e8                USBH_Get_CfgDesc
 .text.USBH_Get_StringDesc
                0x0000000008007730       0x56 ./Middlewares/ST/STM32_USB_Host_Library/Core/Src/usbh_ctlreq.o
                0x0000000008007730                USBH_Get_StringDesc
 .text.USBH_GetDescriptor
                0x0000000008007786       0x6a ./Middlewares/ST/STM32_USB_Host_Library/Core/Src/usbh_ctlreq.o
                0x0000000008007786                USBH_GetDescriptor
 .text.USBH_SetAddress
                0x00000000080077f0       0x48 ./Middlewares/ST/STM32_USB_Host_Library/Core/Src/usbh_ctlreq.o
                0x00000000080077f0                USBH_SetAddress
 .text.USBH_SetCfg
                0x0000000008007838       0x46 ./Middlewares/ST/STM32_USB_Host_Library/Core/Src/usbh_ctlreq.o
                0x0000000008007838                USBH_SetCfg
 .text.USBH_SetFeature
                0x000000000800787e       0x48 ./Middlewares/ST/STM32_USB_Host_Library/Core/Src/usbh_ctlreq.o
                0x000000000800787e                USBH_SetFeature
 .text.USBH_ClrFeature
                0x00000000080078c6       0x48 ./Middlewares/ST/STM32_USB_Host_Library/Core/Src/usbh_ctlreq.o
                0x00000000080078c6                USBH_ClrFeature
 .text.USBH_ParseDevDesc
                0x000000000800790e       0xe0 ./Middlewares/ST/STM32_USB_Host_Library/Core/Src/usbh_ctlreq.o
 .text.USBH_ParseCfgDesc
                0x00000000080079ee      0x144 ./Middlewares/ST/STM32_USB_Host_Library/Core/Src/usbh_ctlreq.o
 .text.USBH_ParseInterfaceDesc
                0x0000000008007b32       0x5e ./Middlewares/ST/STM32_USB_Host_Library/Core/Src/usbh_ctlreq.o
 .text.USBH_ParseEPDesc
                0x0000000008007b90       0x5a ./Middlewares/ST/STM32_USB_Host_Library/Core/Src/usbh_ctlreq.o
 .text.USBH_ParseStringDesc
                0x0000000008007bea       0x66 ./Middlewares/ST/STM32_USB_Host_Library/Core/Src/usbh_ctlreq.o
 .text.USBH_GetNextDesc
                0x0000000008007c50       0x36 ./Middlewares/ST/STM32_USB_Host_Library/Core/Src/usbh_ctlreq.o
                0x0000000008007c50                USBH_GetNextDesc
 .text.USBH_CtlReq
                0x0000000008007c86       0x7a ./Middlewares/ST/STM32_USB_Host_Library/Core/Src/usbh_ctlreq.o
                0x0000000008007c86                USBH_CtlReq
 .text.USBH_HandleControl
                0x0000000008007d00      0x2e8 ./Middlewares/ST/STM32_USB_Host_Library/Core/Src/usbh_ctlreq.o
 .text.USBH_CtlSendSetup
                0x0000000008007fe8       0x34 ./Middlewares/ST/STM32_USB_Host_Library/Core/Src/usbh_ioreq.o
                0x0000000008007fe8                USBH_CtlSendSetup
 .text.USBH_CtlSendData
                0x000000000800801c       0x4a ./Middlewares/ST/STM32_USB_Host_Library/Core/Src/usbh_ioreq.o
                0x000000000800801c                USBH_CtlSendData
 .text.USBH_CtlReceiveData
                0x0000000008008066       0x3c ./Middlewares/ST/STM32_USB_Host_Library/Core/Src/usbh_ioreq.o
                0x0000000008008066                USBH_CtlReceiveData
 .text.USBH_BulkSendData
                0x00000000080080a2       0x4a ./Middlewares/ST/STM32_USB_Host_Library/Core/Src/usbh_ioreq.o
                0x00000000080080a2                USBH_BulkSendData
 .text.USBH_BulkReceiveData
                0x00000000080080ec       0x3c ./Middlewares/ST/STM32_USB_Host_Library/Core/Src/usbh_ioreq.o
                0x00000000080080ec                USBH_BulkReceiveData
 .text.USBH_OpenPipe
                0x0000000008008128       0x3e ./Middlewares/ST/STM32_USB_Host_Library/Core/Src/usbh_pipes.o
                0x0000000008008128                USBH_OpenPipe
 .text.USBH_ClosePipe
                0x0000000008008166       0x20 ./Middlewares/ST/STM32_USB_Host_Library/Core/Src/usbh_pipes.o
                0x0000000008008166                USBH_ClosePipe
 .text.USBH_AllocPipe
                0x0000000008008186       0x42 ./Middlewares/ST/STM32_USB_Host_Library/Core/Src/usbh_pipes.o
                0x0000000008008186                USBH_AllocPipe
 .text.USBH_FreePipe
                0x00000000080081c8       0x3c ./Middlewares/ST/STM32_USB_Host_Library/Core/Src/usbh_pipes.o
                0x00000000080081c8                USBH_FreePipe
 .text.USBH_GetFreePipe
                0x0000000008008204       0x48 ./Middlewares/ST/STM32_USB_Host_Library/Core/Src/usbh_pipes.o
 .text.MX_USB_HOST_Init
                0x000000000800824c       0x4c ./USB_HOST/App/usb_host.o
                0x000000000800824c                MX_USB_HOST_Init
 .text.MX_USB_HOST_Process
                0x0000000008008298       0x14 ./USB_HOST/App/usb_host.o
                0x0000000008008298                MX_USB_HOST_Process
 .text.USBH_UserProcess
                0x00000000080082ac       0x5c ./USB_HOST/App/usb_host.o
 .text.HAL_HCD_MspInit
                0x0000000008008308       0xc4 ./USB_HOST/Target/usbh_conf.o
                0x0000000008008308                HAL_HCD_MspInit
 .text.HAL_HCD_SOF_Callback
                0x00000000080083cc       0x1c ./USB_HOST/Target/usbh_conf.o
                0x00000000080083cc                HAL_HCD_SOF_Callback
 .text.HAL_HCD_Connect_Callback
                0x00000000080083e8       0x1c ./USB_HOST/Target/usbh_conf.o
                0x00000000080083e8                HAL_HCD_Connect_Callback
 .text.HAL_HCD_Disconnect_Callback
                0x0000000008008404       0x1c ./USB_HOST/Target/usbh_conf.o
                0x0000000008008404                HAL_HCD_Disconnect_Callback
 .text.HAL_HCD_HC_NotifyURBChange_Callback
                0x0000000008008420       0x1c ./USB_HOST/Target/usbh_conf.o
                0x0000000008008420                HAL_HCD_HC_NotifyURBChange_Callback
 .text.HAL_HCD_PortEnabled_Callback
                0x000000000800843c       0x1c ./USB_HOST/Target/usbh_conf.o
                0x000000000800843c                HAL_HCD_PortEnabled_Callback
 .text.HAL_HCD_PortDisabled_Callback
                0x0000000008008458       0x1c ./USB_HOST/Target/usbh_conf.o
                0x0000000008008458                HAL_HCD_PortDisabled_Callback
 .text.USBH_LL_Init
                0x0000000008008474       0x78 ./USB_HOST/Target/usbh_conf.o
                0x0000000008008474                USBH_LL_Init
 .text.USBH_LL_Start
                0x00000000080084ec       0x36 ./USB_HOST/Target/usbh_conf.o
                0x00000000080084ec                USBH_LL_Start
 .text.USBH_LL_Stop
                0x0000000008008522       0x36 ./USB_HOST/Target/usbh_conf.o
                0x0000000008008522                USBH_LL_Stop
 .text.USBH_LL_GetSpeed
                0x0000000008008558       0x4e ./USB_HOST/Target/usbh_conf.o
                0x0000000008008558                USBH_LL_GetSpeed
 .text.USBH_LL_ResetPort
                0x00000000080085a6       0x36 ./USB_HOST/Target/usbh_conf.o
                0x00000000080085a6                USBH_LL_ResetPort
 .text.USBH_LL_GetLastXferSize
                0x00000000080085dc       0x26 ./USB_HOST/Target/usbh_conf.o
                0x00000000080085dc                USBH_LL_GetLastXferSize
 .text.USBH_LL_OpenPipe
                0x0000000008008602       0x5e ./USB_HOST/Target/usbh_conf.o
                0x0000000008008602                USBH_LL_OpenPipe
 .text.USBH_LL_ClosePipe
                0x0000000008008660       0x3e ./USB_HOST/Target/usbh_conf.o
                0x0000000008008660                USBH_LL_ClosePipe
 .text.USBH_LL_SubmitURB
                0x000000000800869e       0x62 ./USB_HOST/Target/usbh_conf.o
                0x000000000800869e                USBH_LL_SubmitURB
 .text.USBH_LL_GetURBState
                0x0000000008008700       0x26 ./USB_HOST/Target/usbh_conf.o
                0x0000000008008700                USBH_LL_GetURBState
 .text.USBH_LL_DriverVBUS
                0x0000000008008726       0x2e ./USB_HOST/Target/usbh_conf.o
                0x0000000008008726                USBH_LL_DriverVBUS
 .text.USBH_LL_SetToggle
                0x0000000008008754       0x60 ./USB_HOST/Target/usbh_conf.o
                0x0000000008008754                USBH_LL_SetToggle
 .text.USBH_Delay
                0x00000000080087b4       0x16 ./USB_HOST/Target/usbh_conf.o
                0x00000000080087b4                USBH_Delay
 *fill*         0x00000000080087ca        0x2 
 .text.USBH_Get_USB_Status
                0x00000000080087cc       0x58 ./USB_HOST/Target/usbh_conf.o
                0x00000000080087cc                USBH_Get_USB_Status
 .text.MX_DriverVbusFS
                0x0000000008008824       0x38 ./USB_HOST/Target/usbh_platform.o
                0x0000000008008824                MX_DriverVbusFS
 .text.__errno  0x000000000800885c        0xc /home/odemki/st/stm32cubeide_1.8.0_2/plugins/com.st.stm32cube.ide.mcu.externaltools.gnu-tools-for-stm32.9-2020-q2-update.linux64_2.0.0.202105311346/tools/bin/../lib/gcc/arm-none-eabi/9.3.1/../../../../arm-none-eabi/lib/thumb/v7e-m+fp/hard/libc_nano.a(lib_a-errno.o)
                0x000000000800885c                __errno
 .text.__libc_init_array
                0x0000000008008868       0x48 /home/odemki/st/stm32cubeide_1.8.0_2/plugins/com.st.stm32cube.ide.mcu.externaltools.gnu-tools-for-stm32.9-2020-q2-update.linux64_2.0.0.202105311346/tools/bin/../lib/gcc/arm-none-eabi/9.3.1/../../../../arm-none-eabi/lib/thumb/v7e-m+fp/hard/libc_nano.a(lib_a-init.o)
                0x0000000008008868                __libc_init_array
 .text.malloc   0x00000000080088b0       0x10 /home/odemki/st/stm32cubeide_1.8.0_2/plugins/com.st.stm32cube.ide.mcu.externaltools.gnu-tools-for-stm32.9-2020-q2-update.linux64_2.0.0.202105311346/tools/bin/../lib/gcc/arm-none-eabi/9.3.1/../../../../arm-none-eabi/lib/thumb/v7e-m+fp/hard/libc_nano.a(lib_a-malloc.o)
                0x00000000080088b0                malloc
 .text.free     0x00000000080088c0       0x10 /home/odemki/st/stm32cubeide_1.8.0_2/plugins/com.st.stm32cube.ide.mcu.externaltools.gnu-tools-for-stm32.9-2020-q2-update.linux64_2.0.0.202105311346/tools/bin/../lib/gcc/arm-none-eabi/9.3.1/../../../../arm-none-eabi/lib/thumb/v7e-m+fp/hard/libc_nano.a(lib_a-malloc.o)
                0x00000000080088c0                free
 .text.memset   0x00000000080088d0       0x10 /home/odemki/st/stm32cubeide_1.8.0_2/plugins/com.st.stm32cube.ide.mcu.externaltools.gnu-tools-for-stm32.9-2020-q2-update.linux64_2.0.0.202105311346/tools/bin/../lib/gcc/arm-none-eabi/9.3.1/../../../../arm-none-eabi/lib/thumb/v7e-m+fp/hard/libc_nano.a(lib_a-memset.o)
                0x00000000080088d0                memset
 .text._free_r  0x00000000080088e0       0xa0 /home/odemki/st/stm32cubeide_1.8.0_2/plugins/com.st.stm32cube.ide.mcu.externaltools.gnu-tools-for-stm32.9-2020-q2-update.linux64_2.0.0.202105311346/tools/bin/../lib/gcc/arm-none-eabi/9.3.1/../../../../arm-none-eabi/lib/thumb/v7e-m+fp/hard/libc_nano.a(lib_a-nano-freer.o)
                0x00000000080088e0                _free_r
 .text._malloc_r
                0x0000000008008980       0xb4 /home/odemki/st/stm32cubeide_1.8.0_2/plugins/com.st.stm32cube.ide.mcu.externaltools.gnu-tools-for-stm32.9-2020-q2-update.linux64_2.0.0.202105311346/tools/bin/../lib/gcc/arm-none-eabi/9.3.1/../../../../arm-none-eabi/lib/thumb/v7e-m+fp/hard/libc_nano.a(lib_a-nano-mallocr.o)
                0x0000000008008980                _malloc_r
 .text._sbrk_r  0x0000000008008a34       0x20 /home/odemki/st/stm32cubeide_1.8.0_2/plugins/com.st.stm32cube.ide.mcu.externaltools.gnu-tools-for-stm32.9-2020-q2-update.linux64_2.0.0.202105311346/tools/bin/../lib/gcc/arm-none-eabi/9.3.1/../../../../arm-none-eabi/lib/thumb/v7e-m+fp/hard/libc_nano.a(lib_a-sbrkr.o)
                0x0000000008008a34                _sbrk_r
 .text.__malloc_lock
                0x0000000008008a54        0xc /home/odemki/st/stm32cubeide_1.8.0_2/plugins/com.st.stm32cube.ide.mcu.externaltools.gnu-tools-for-stm32.9-2020-q2-update.linux64_2.0.0.202105311346/tools/bin/../lib/gcc/arm-none-eabi/9.3.1/../../../../arm-none-eabi/lib/thumb/v7e-m+fp/hard/libc_nano.a(lib_a-mlock.o)
                0x0000000008008a54                __malloc_lock
 .text.__malloc_unlock
                0x0000000008008a60        0xc /home/odemki/st/stm32cubeide_1.8.0_2/plugins/com.st.stm32cube.ide.mcu.externaltools.gnu-tools-for-stm32.9-2020-q2-update.linux64_2.0.0.202105311346/tools/bin/../lib/gcc/arm-none-eabi/9.3.1/../../../../arm-none-eabi/lib/thumb/v7e-m+fp/hard/libc_nano.a(lib_a-mlock.o)
                0x0000000008008a60                __malloc_unlock
 .text.__retarget_lock_acquire_recursive
                0x0000000008008a6c        0x2 /home/odemki/st/stm32cubeide_1.8.0_2/plugins/com.st.stm32cube.ide.mcu.externaltools.gnu-tools-for-stm32.9-2020-q2-update.linux64_2.0.0.202105311346/tools/bin/../lib/gcc/arm-none-eabi/9.3.1/../../../../arm-none-eabi/lib/thumb/v7e-m+fp/hard/libc_nano.a(lib_a-lock.o)
                0x0000000008008a6c                __retarget_lock_acquire_recursive
 .text.__retarget_lock_release_recursive
                0x0000000008008a6e        0x2 /home/odemki/st/stm32cubeide_1.8.0_2/plugins/com.st.stm32cube.ide.mcu.externaltools.gnu-tools-for-stm32.9-2020-q2-update.linux64_2.0.0.202105311346/tools/bin/../lib/gcc/arm-none-eabi/9.3.1/../../../../arm-none-eabi/lib/thumb/v7e-m+fp/hard/libc_nano.a(lib_a-lock.o)
                0x0000000008008a6e                __retarget_lock_release_recursive
 *(.glue_7)
 .glue_7        0x0000000008008a70        0x0 linker stubs
 *(.glue_7t)
 .glue_7t       0x0000000008008a70        0x0 linker stubs
 *(.eh_frame)
 .eh_frame      0x0000000008008a70        0x0 /home/odemki/st/stm32cubeide_1.8.0_2/plugins/com.st.stm32cube.ide.mcu.externaltools.gnu-tools-for-stm32.9-2020-q2-update.linux64_2.0.0.202105311346/tools/bin/../lib/gcc/arm-none-eabi/9.3.1/thumb/v7e-m+fp/hard/crtbegin.o
 *(.init)
 .init          0x0000000008008a70        0x4 /home/odemki/st/stm32cubeide_1.8.0_2/plugins/com.st.stm32cube.ide.mcu.externaltools.gnu-tools-for-stm32.9-2020-q2-update.linux64_2.0.0.202105311346/tools/bin/../lib/gcc/arm-none-eabi/9.3.1/thumb/v7e-m+fp/hard/crti.o
                0x0000000008008a70                _init
 .init          0x0000000008008a74        0x8 /home/odemki/st/stm32cubeide_1.8.0_2/plugins/com.st.stm32cube.ide.mcu.externaltools.gnu-tools-for-stm32.9-2020-q2-update.linux64_2.0.0.202105311346/tools/bin/../lib/gcc/arm-none-eabi/9.3.1/thumb/v7e-m+fp/hard/crtn.o
 *(.fini)
 .fini          0x0000000008008a7c        0x4 /home/odemki/st/stm32cubeide_1.8.0_2/plugins/com.st.stm32cube.ide.mcu.externaltools.gnu-tools-for-stm32.9-2020-q2-update.linux64_2.0.0.202105311346/tools/bin/../lib/gcc/arm-none-eabi/9.3.1/thumb/v7e-m+fp/hard/crti.o
                0x0000000008008a7c                _fini
 .fini          0x0000000008008a80        0x8 /home/odemki/st/stm32cubeide_1.8.0_2/plugins/com.st.stm32cube.ide.mcu.externaltools.gnu-tools-for-stm32.9-2020-q2-update.linux64_2.0.0.202105311346/tools/bin/../lib/gcc/arm-none-eabi/9.3.1/thumb/v7e-m+fp/hard/crtn.o
                0x0000000008008a88                . = ALIGN (0x4)
                0x0000000008008a88                _etext = .

.vfp11_veneer   0x0000000008008a88        0x0
 .vfp11_veneer  0x0000000008008a88        0x0 linker stubs

.v4_bx          0x0000000008008a88        0x0
 .v4_bx         0x0000000008008a88        0x0 linker stubs

.iplt           0x0000000008008a88        0x0
 .iplt          0x0000000008008a88        0x0 /home/odemki/st/stm32cubeide_1.8.0_2/plugins/com.st.stm32cube.ide.mcu.externaltools.gnu-tools-for-stm32.9-2020-q2-update.linux64_2.0.0.202105311346/tools/bin/../lib/gcc/arm-none-eabi/9.3.1/thumb/v7e-m+fp/hard/crtbegin.o

.rodata         0x0000000008008a88       0x1c
                0x0000000008008a88                . = ALIGN (0x4)
 *(.rodata)
 .rodata        0x0000000008008a88        0x4 ./Middlewares/ST/STM32_USB_Host_Library/Class/CDC/Src/usbh_cdc.o
 *(.rodata*)
 .rodata.AHBPrescTable
                0x0000000008008a8c       0x10 ./Core/Src/system_stm32f4xx.o
                0x0000000008008a8c                AHBPrescTable
 .rodata.APBPrescTable
                0x0000000008008a9c        0x8 ./Core/Src/system_stm32f4xx.o
                0x0000000008008a9c                APBPrescTable
                0x0000000008008aa4                . = ALIGN (0x4)

.ARM.extab      0x0000000008008aa4        0x0
                0x0000000008008aa4                . = ALIGN (0x4)
 *(.ARM.extab* .gnu.linkonce.armextab.*)
                0x0000000008008aa4                . = ALIGN (0x4)

.ARM            0x0000000008008aa4        0x8
                0x0000000008008aa4                . = ALIGN (0x4)
                0x0000000008008aa4                __exidx_start = .
 *(.ARM.exidx*)
 .ARM.exidx     0x0000000008008aa4        0x8 /home/odemki/st/stm32cubeide_1.8.0_2/plugins/com.st.stm32cube.ide.mcu.externaltools.gnu-tools-for-stm32.9-2020-q2-update.linux64_2.0.0.202105311346/tools/bin/../lib/gcc/arm-none-eabi/9.3.1/thumb/v7e-m+fp/hard/libgcc.a(_udivmoddi4.o)
                0x0000000008008aac                __exidx_end = .
                0x0000000008008aac                . = ALIGN (0x4)

.rel.dyn        0x0000000008008aac        0x0
 .rel.iplt      0x0000000008008aac        0x0 /home/odemki/st/stm32cubeide_1.8.0_2/plugins/com.st.stm32cube.ide.mcu.externaltools.gnu-tools-for-stm32.9-2020-q2-update.linux64_2.0.0.202105311346/tools/bin/../lib/gcc/arm-none-eabi/9.3.1/thumb/v7e-m+fp/hard/crtbegin.o

.preinit_array  0x0000000008008aac        0x0
                0x0000000008008aac                . = ALIGN (0x4)
                0x0000000008008aac                PROVIDE (__preinit_array_start = .)
 *(.preinit_array*)
                0x0000000008008aac                PROVIDE (__preinit_array_end = .)
                0x0000000008008aac                . = ALIGN (0x4)

.init_array     0x0000000008008aac        0x4
                0x0000000008008aac                . = ALIGN (0x4)
                0x0000000008008aac                PROVIDE (__init_array_start = .)
 *(SORT_BY_NAME(.init_array.*))
 *(.init_array*)
 .init_array    0x0000000008008aac        0x4 /home/odemki/st/stm32cubeide_1.8.0_2/plugins/com.st.stm32cube.ide.mcu.externaltools.gnu-tools-for-stm32.9-2020-q2-update.linux64_2.0.0.202105311346/tools/bin/../lib/gcc/arm-none-eabi/9.3.1/thumb/v7e-m+fp/hard/crtbegin.o
                0x0000000008008ab0                PROVIDE (__init_array_end = .)
                0x0000000008008ab0                . = ALIGN (0x4)

.fini_array     0x0000000008008ab0        0x4
                0x0000000008008ab0                . = ALIGN (0x4)
                [!provide]                        PROVIDE (__fini_array_start = .)
 *(SORT_BY_NAME(.fini_array.*))
 *(.fini_array*)
 .fini_array    0x0000000008008ab0        0x4 /home/odemki/st/stm32cubeide_1.8.0_2/plugins/com.st.stm32cube.ide.mcu.externaltools.gnu-tools-for-stm32.9-2020-q2-update.linux64_2.0.0.202105311346/tools/bin/../lib/gcc/arm-none-eabi/9.3.1/thumb/v7e-m+fp/hard/crtbegin.o
                [!provide]                        PROVIDE (__fini_array_end = .)
                0x0000000008008ab4                . = ALIGN (0x4)
                0x0000000008008ab4                _sidata = LOADADDR (.data)

.data           0x0000000020000000       0x90 load address 0x0000000008008ab4
                0x0000000020000000                . = ALIGN (0x4)
                0x0000000020000000                _sdata = .
 *(.data)
 *(.data*)
 .data.SystemCoreClock
                0x0000000020000000        0x4 ./Core/Src/system_stm32f4xx.o
                0x0000000020000000                SystemCoreClock
 .data.uwTickPrio
                0x0000000020000004        0x4 ./Drivers/STM32F4xx_HAL_Driver/Src/stm32f4xx_hal.o
                0x0000000020000004                uwTickPrio
 .data.uwTickFreq
                0x0000000020000008        0x1 ./Drivers/STM32F4xx_HAL_Driver/Src/stm32f4xx_hal.o
                0x0000000020000008                uwTickFreq
 *fill*         0x0000000020000009        0x3 
 .data.CDC_Class
                0x000000002000000c       0x20 ./Middlewares/ST/STM32_USB_Host_Library/Class/CDC/Src/usbh_cdc.o
                0x000000002000000c                CDC_Class
 .data._impure_ptr
                0x000000002000002c        0x4 /home/odemki/st/stm32cubeide_1.8.0_2/plugins/com.st.stm32cube.ide.mcu.externaltools.gnu-tools-for-stm32.9-2020-q2-update.linux64_2.0.0.202105311346/tools/bin/../lib/gcc/arm-none-eabi/9.3.1/../../../../arm-none-eabi/lib/thumb/v7e-m+fp/hard/libc_nano.a(lib_a-impure.o)
                0x000000002000002c                _impure_ptr
 .data.impure_data
                0x0000000020000030       0x60 /home/odemki/st/stm32cubeide_1.8.0_2/plugins/com.st.stm32cube.ide.mcu.externaltools.gnu-tools-for-stm32.9-2020-q2-update.linux64_2.0.0.202105311346/tools/bin/../lib/gcc/arm-none-eabi/9.3.1/../../../../arm-none-eabi/lib/thumb/v7e-m+fp/hard/libc_nano.a(lib_a-impure.o)
 *(.RamFunc)
 *(.RamFunc*)
                0x0000000020000090                . = ALIGN (0x4)
                0x0000000020000090                _edata = .
                0x0000000008008b44                _siccmram = LOADADDR (.ccmram)

.igot.plt       0x0000000020000090        0x0 load address 0x0000000008008b44
 .igot.plt      0x0000000020000090        0x0 /home/odemki/st/stm32cubeide_1.8.0_2/plugins/com.st.stm32cube.ide.mcu.externaltools.gnu-tools-for-stm32.9-2020-q2-update.linux64_2.0.0.202105311346/tools/bin/../lib/gcc/arm-none-eabi/9.3.1/thumb/v7e-m+fp/hard/crtbegin.o

.ccmram         0x0000000010000000        0x0 load address 0x0000000008008b44
                0x0000000010000000                . = ALIGN (0x4)
                0x0000000010000000                _sccmram = .
 *(.ccmram)
 *(.ccmram*)
                0x0000000010000000                . = ALIGN (0x4)
                0x0000000010000000                _eccmram = .
                0x0000000010000000                . = ALIGN (0x4)

.bss            0x0000000020000090      0x8ac
                0x0000000020000090                _sbss = .
                0x0000000020000090                __bss_start__ = _sbss
 *(.bss)
 .bss           0x0000000020000090       0x1c /home/odemki/st/stm32cubeide_1.8.0_2/plugins/com.st.stm32cube.ide.mcu.externaltools.gnu-tools-for-stm32.9-2020-q2-update.linux64_2.0.0.202105311346/tools/bin/../lib/gcc/arm-none-eabi/9.3.1/thumb/v7e-m+fp/hard/crtbegin.o
 *(.bss*)
 .bss.currCounter
                0x00000000200000ac        0x4 ./Core/Src/main.o
                0x00000000200000ac                currCounter
 .bss.prevCounter
                0x00000000200000b0        0x4 ./Core/Src/main.o
                0x00000000200000b0                prevCounter
 .bss.klick     0x00000000200000b4        0x4 ./Core/Src/main.o
                0x00000000200000b4                klick
 .bss.__sbrk_heap_end
                0x00000000200000b8        0x4 ./Core/Src/sysmem.o
 .bss.Appli_state
                0x00000000200000bc        0x1 ./USB_HOST/App/usb_host.o
                0x00000000200000bc                Appli_state
 *fill*         0x00000000200000bd        0x3 
 .bss.__malloc_free_list
                0x00000000200000c0        0x4 /home/odemki/st/stm32cubeide_1.8.0_2/plugins/com.st.stm32cube.ide.mcu.externaltools.gnu-tools-for-stm32.9-2020-q2-update.linux64_2.0.0.202105311346/tools/bin/../lib/gcc/arm-none-eabi/9.3.1/../../../../arm-none-eabi/lib/thumb/v7e-m+fp/hard/libc_nano.a(lib_a-nano-mallocr.o)
                0x00000000200000c0                __malloc_free_list
 .bss.__malloc_sbrk_start
                0x00000000200000c4        0x4 /home/odemki/st/stm32cubeide_1.8.0_2/plugins/com.st.stm32cube.ide.mcu.externaltools.gnu-tools-for-stm32.9-2020-q2-update.linux64_2.0.0.202105311346/tools/bin/../lib/gcc/arm-none-eabi/9.3.1/../../../../arm-none-eabi/lib/thumb/v7e-m+fp/hard/libc_nano.a(lib_a-nano-mallocr.o)
                0x00000000200000c4                __malloc_sbrk_start
 *(COMMON)
 COMMON         0x00000000200000c8      0x184 ./Core/Src/main.o
                0x00000000200000c8                hi2c1
                0x000000002000011c                htim1
                0x0000000020000164                hspi1
                0x00000000200001bc                htim7
                0x0000000020000204                hi2s3
 COMMON         0x000000002000024c        0x4 ./Drivers/STM32F4xx_HAL_Driver/Src/stm32f4xx_hal.o
                0x000000002000024c                uwTick
 COMMON         0x0000000020000250      0x3d8 ./USB_HOST/App/usb_host.o
                0x0000000020000250                hUsbHostFS
 COMMON         0x0000000020000628      0x304 ./USB_HOST/Target/usbh_conf.o
                0x0000000020000628                hhcd_USB_OTG_FS
 COMMON         0x000000002000092c        0x4 /home/odemki/st/stm32cubeide_1.8.0_2/plugins/com.st.stm32cube.ide.mcu.externaltools.gnu-tools-for-stm32.9-2020-q2-update.linux64_2.0.0.202105311346/tools/bin/../lib/gcc/arm-none-eabi/9.3.1/../../../../arm-none-eabi/lib/thumb/v7e-m+fp/hard/libc_nano.a(lib_a-reent.o)
                0x000000002000092c                errno
 COMMON         0x0000000020000930        0x9 /home/odemki/st/stm32cubeide_1.8.0_2/plugins/com.st.stm32cube.ide.mcu.externaltools.gnu-tools-for-stm32.9-2020-q2-update.linux64_2.0.0.202105311346/tools/bin/../lib/gcc/arm-none-eabi/9.3.1/../../../../arm-none-eabi/lib/thumb/v7e-m+fp/hard/libc_nano.a(lib_a-lock.o)
                0x0000000020000930                __lock___atexit_recursive_mutex
                0x0000000020000931                __lock___arc4random_mutex
                0x0000000020000932                __lock___env_recursive_mutex
                0x0000000020000933                __lock___sinit_recursive_mutex
                0x0000000020000934                __lock___malloc_recursive_mutex
                0x0000000020000935                __lock___at_quick_exit_mutex
                0x0000000020000936                __lock___dd_hash_mutex
                0x0000000020000937                __lock___tz_mutex
                0x0000000020000938                __lock___sfp_recursive_mutex
                0x000000002000093c                . = ALIGN (0x4)
 *fill*         0x0000000020000939        0x3 
                0x000000002000093c                _ebss = .
                0x000000002000093c                __bss_end__ = _ebss

._user_heap_stack
                0x000000002000093c      0x604
                0x0000000020000940                . = ALIGN (0x8)
 *fill*         0x000000002000093c        0x4 
                [!provide]                        PROVIDE (end = .)
                0x0000000020000940                PROVIDE (_end = .)
                0x0000000020000b40                . = (. + _Min_Heap_Size)
 *fill*         0x0000000020000940      0x200 
                0x0000000020000f40                . = (. + _Min_Stack_Size)
 *fill*         0x0000000020000b40      0x400 
                0x0000000020000f40                . = ALIGN (0x8)

/DISCARD/
 libc.a(*)
 libm.a(*)
 libgcc.a(*)

.ARM.attributes
                0x0000000000000000       0x30
 *(.ARM.attributes)
 .ARM.attributes
                0x0000000000000000       0x1e /home/odemki/st/stm32cubeide_1.8.0_2/plugins/com.st.stm32cube.ide.mcu.externaltools.gnu-tools-for-stm32.9-2020-q2-update.linux64_2.0.0.202105311346/tools/bin/../lib/gcc/arm-none-eabi/9.3.1/thumb/v7e-m+fp/hard/crti.o
 .ARM.attributes
                0x000000000000001e       0x34 /home/odemki/st/stm32cubeide_1.8.0_2/plugins/com.st.stm32cube.ide.mcu.externaltools.gnu-tools-for-stm32.9-2020-q2-update.linux64_2.0.0.202105311346/tools/bin/../lib/gcc/arm-none-eabi/9.3.1/thumb/v7e-m+fp/hard/crtbegin.o
 .ARM.attributes
                0x0000000000000052       0x34 ./Core/Src/main.o
 .ARM.attributes
                0x0000000000000086       0x34 ./Core/Src/stm32f4xx_hal_msp.o
 .ARM.attributes
                0x00000000000000ba       0x34 ./Core/Src/stm32f4xx_it.o
 .ARM.attributes
                0x00000000000000ee       0x34 ./Core/Src/sysmem.o
 .ARM.attributes
                0x0000000000000122       0x34 ./Core/Src/system_stm32f4xx.o
 .ARM.attributes
                0x0000000000000156       0x21 ./Core/Startup/startup_stm32f407vgtx.o
 .ARM.attributes
                0x0000000000000177       0x34 ./Drivers/STM32F4xx_HAL_Driver/Src/stm32f4xx_hal.o
 .ARM.attributes
                0x00000000000001ab       0x34 ./Drivers/STM32F4xx_HAL_Driver/Src/stm32f4xx_hal_cortex.o
 .ARM.attributes
                0x00000000000001df       0x34 ./Drivers/STM32F4xx_HAL_Driver/Src/stm32f4xx_hal_gpio.o
 .ARM.attributes
                0x0000000000000213       0x34 ./Drivers/STM32F4xx_HAL_Driver/Src/stm32f4xx_hal_hcd.o
 .ARM.attributes
                0x0000000000000247       0x34 ./Drivers/STM32F4xx_HAL_Driver/Src/stm32f4xx_hal_i2c.o
 .ARM.attributes
                0x000000000000027b       0x34 ./Drivers/STM32F4xx_HAL_Driver/Src/stm32f4xx_hal_i2s.o
 .ARM.attributes
                0x00000000000002af       0x34 ./Drivers/STM32F4xx_HAL_Driver/Src/stm32f4xx_hal_i2s_ex.o
 .ARM.attributes
                0x00000000000002e3       0x34 ./Drivers/STM32F4xx_HAL_Driver/Src/stm32f4xx_hal_rcc.o
 .ARM.attributes
                0x0000000000000317       0x34 ./Drivers/STM32F4xx_HAL_Driver/Src/stm32f4xx_hal_rcc_ex.o
 .ARM.attributes
                0x000000000000034b       0x34 ./Drivers/STM32F4xx_HAL_Driver/Src/stm32f4xx_hal_spi.o
 .ARM.attributes
                0x000000000000037f       0x34 ./Drivers/STM32F4xx_HAL_Driver/Src/stm32f4xx_hal_tim.o
 .ARM.attributes
                0x00000000000003b3       0x34 ./Drivers/STM32F4xx_HAL_Driver/Src/stm32f4xx_hal_tim_ex.o
 .ARM.attributes
                0x00000000000003e7       0x34 ./Drivers/STM32F4xx_HAL_Driver/Src/stm32f4xx_ll_usb.o
 .ARM.attributes
                0x000000000000041b       0x34 ./Middlewares/ST/STM32_USB_Host_Library/Class/CDC/Src/usbh_cdc.o
 .ARM.attributes
                0x000000000000044f       0x34 ./Middlewares/ST/STM32_USB_Host_Library/Core/Src/usbh_core.o
 .ARM.attributes
                0x0000000000000483       0x34 ./Middlewares/ST/STM32_USB_Host_Library/Core/Src/usbh_ctlreq.o
 .ARM.attributes
                0x00000000000004b7       0x34 ./Middlewares/ST/STM32_USB_Host_Library/Core/Src/usbh_ioreq.o
 .ARM.attributes
                0x00000000000004eb       0x34 ./Middlewares/ST/STM32_USB_Host_Library/Core/Src/usbh_pipes.o
 .ARM.attributes
                0x000000000000051f       0x34 ./USB_HOST/App/usb_host.o
 .ARM.attributes
                0x0000000000000553       0x34 ./USB_HOST/Target/usbh_conf.o
 .ARM.attributes
                0x0000000000000587       0x34 ./USB_HOST/Target/usbh_platform.o
 .ARM.attributes
                0x00000000000005bb       0x34 /home/odemki/st/stm32cubeide_1.8.0_2/plugins/com.st.stm32cube.ide.mcu.externaltools.gnu-tools-for-stm32.9-2020-q2-update.linux64_2.0.0.202105311346/tools/bin/../lib/gcc/arm-none-eabi/9.3.1/../../../../arm-none-eabi/lib/thumb/v7e-m+fp/hard/libc_nano.a(lib_a-errno.o)
 .ARM.attributes
                0x00000000000005ef       0x32 /home/odemki/st/stm32cubeide_1.8.0_2/plugins/com.st.stm32cube.ide.mcu.externaltools.gnu-tools-for-stm32.9-2020-q2-update.linux64_2.0.0.202105311346/tools/bin/../lib/gcc/arm-none-eabi/9.3.1/../../../../arm-none-eabi/lib/thumb/v7e-m+fp/hard/libc_nano.a(lib_a-impure.o)
 .ARM.attributes
                0x0000000000000621       0x34 /home/odemki/st/stm32cubeide_1.8.0_2/plugins/com.st.stm32cube.ide.mcu.externaltools.gnu-tools-for-stm32.9-2020-q2-update.linux64_2.0.0.202105311346/tools/bin/../lib/gcc/arm-none-eabi/9.3.1/../../../../arm-none-eabi/lib/thumb/v7e-m+fp/hard/libc_nano.a(lib_a-init.o)
 .ARM.attributes
                0x0000000000000655       0x34 /home/odemki/st/stm32cubeide_1.8.0_2/plugins/com.st.stm32cube.ide.mcu.externaltools.gnu-tools-for-stm32.9-2020-q2-update.linux64_2.0.0.202105311346/tools/bin/../lib/gcc/arm-none-eabi/9.3.1/../../../../arm-none-eabi/lib/thumb/v7e-m+fp/hard/libc_nano.a(lib_a-malloc.o)
 .ARM.attributes
                0x0000000000000689       0x34 /home/odemki/st/stm32cubeide_1.8.0_2/plugins/com.st.stm32cube.ide.mcu.externaltools.gnu-tools-for-stm32.9-2020-q2-update.linux64_2.0.0.202105311346/tools/bin/../lib/gcc/arm-none-eabi/9.3.1/../../../../arm-none-eabi/lib/thumb/v7e-m+fp/hard/libc_nano.a(lib_a-memset.o)
 .ARM.attributes
                0x00000000000006bd       0x34 /home/odemki/st/stm32cubeide_1.8.0_2/plugins/com.st.stm32cube.ide.mcu.externaltools.gnu-tools-for-stm32.9-2020-q2-update.linux64_2.0.0.202105311346/tools/bin/../lib/gcc/arm-none-eabi/9.3.1/../../../../arm-none-eabi/lib/thumb/v7e-m+fp/hard/libc_nano.a(lib_a-nano-freer.o)
 .ARM.attributes
                0x00000000000006f1       0x34 /home/odemki/st/stm32cubeide_1.8.0_2/plugins/com.st.stm32cube.ide.mcu.externaltools.gnu-tools-for-stm32.9-2020-q2-update.linux64_2.0.0.202105311346/tools/bin/../lib/gcc/arm-none-eabi/9.3.1/../../../../arm-none-eabi/lib/thumb/v7e-m+fp/hard/libc_nano.a(lib_a-nano-mallocr.o)
 .ARM.attributes
                0x0000000000000725       0x34 /home/odemki/st/stm32cubeide_1.8.0_2/plugins/com.st.stm32cube.ide.mcu.externaltools.gnu-tools-for-stm32.9-2020-q2-update.linux64_2.0.0.202105311346/tools/bin/../lib/gcc/arm-none-eabi/9.3.1/../../../../arm-none-eabi/lib/thumb/v7e-m+fp/hard/libc_nano.a(lib_a-sbrkr.o)
 .ARM.attributes
                0x0000000000000759       0x34 /home/odemki/st/stm32cubeide_1.8.0_2/plugins/com.st.stm32cube.ide.mcu.externaltools.gnu-tools-for-stm32.9-2020-q2-update.linux64_2.0.0.202105311346/tools/bin/../lib/gcc/arm-none-eabi/9.3.1/../../../../arm-none-eabi/lib/thumb/v7e-m+fp/hard/libc_nano.a(lib_a-mlock.o)
 .ARM.attributes
                0x000000000000078d       0x34 /home/odemki/st/stm32cubeide_1.8.0_2/plugins/com.st.stm32cube.ide.mcu.externaltools.gnu-tools-for-stm32.9-2020-q2-update.linux64_2.0.0.202105311346/tools/bin/../lib/gcc/arm-none-eabi/9.3.1/../../../../arm-none-eabi/lib/thumb/v7e-m+fp/hard/libc_nano.a(lib_a-reent.o)
 .ARM.attributes
                0x00000000000007c1       0x34 /home/odemki/st/stm32cubeide_1.8.0_2/plugins/com.st.stm32cube.ide.mcu.externaltools.gnu-tools-for-stm32.9-2020-q2-update.linux64_2.0.0.202105311346/tools/bin/../lib/gcc/arm-none-eabi/9.3.1/../../../../arm-none-eabi/lib/thumb/v7e-m+fp/hard/libc_nano.a(lib_a-lock.o)
 .ARM.attributes
                0x00000000000007f5       0x1e /home/odemki/st/stm32cubeide_1.8.0_2/plugins/com.st.stm32cube.ide.mcu.externaltools.gnu-tools-for-stm32.9-2020-q2-update.linux64_2.0.0.202105311346/tools/bin/../lib/gcc/arm-none-eabi/9.3.1/thumb/v7e-m+fp/hard/libgcc.a(_aeabi_uldivmod.o)
 .ARM.attributes
                0x0000000000000813       0x34 /home/odemki/st/stm32cubeide_1.8.0_2/plugins/com.st.stm32cube.ide.mcu.externaltools.gnu-tools-for-stm32.9-2020-q2-update.linux64_2.0.0.202105311346/tools/bin/../lib/gcc/arm-none-eabi/9.3.1/thumb/v7e-m+fp/hard/libgcc.a(_udivmoddi4.o)
 .ARM.attributes
                0x0000000000000847       0x1e /home/odemki/st/stm32cubeide_1.8.0_2/plugins/com.st.stm32cube.ide.mcu.externaltools.gnu-tools-for-stm32.9-2020-q2-update.linux64_2.0.0.202105311346/tools/bin/../lib/gcc/arm-none-eabi/9.3.1/thumb/v7e-m+fp/hard/libgcc.a(_dvmd_tls.o)
 .ARM.attributes
                0x0000000000000865       0x1e /home/odemki/st/stm32cubeide_1.8.0_2/plugins/com.st.stm32cube.ide.mcu.externaltools.gnu-tools-for-stm32.9-2020-q2-update.linux64_2.0.0.202105311346/tools/bin/../lib/gcc/arm-none-eabi/9.3.1/thumb/v7e-m+fp/hard/crtn.o
OUTPUT(encoder.elf elf32-littlearm)
LOAD linker stubs
LOAD /home/odemki/st/stm32cubeide_1.8.0_2/plugins/com.st.stm32cube.ide.mcu.externaltools.gnu-tools-for-stm32.9-2020-q2-update.linux64_2.0.0.202105311346/tools/bin/../lib/gcc/arm-none-eabi/9.3.1/../../../../arm-none-eabi/lib/thumb/v7e-m+fp/hard/libc.a
LOAD /home/odemki/st/stm32cubeide_1.8.0_2/plugins/com.st.stm32cube.ide.mcu.externaltools.gnu-tools-for-stm32.9-2020-q2-update.linux64_2.0.0.202105311346/tools/bin/../lib/gcc/arm-none-eabi/9.3.1/../../../../arm-none-eabi/lib/thumb/v7e-m+fp/hard/libm.a
LOAD /home/odemki/st/stm32cubeide_1.8.0_2/plugins/com.st.stm32cube.ide.mcu.externaltools.gnu-tools-for-stm32.9-2020-q2-update.linux64_2.0.0.202105311346/tools/bin/../lib/gcc/arm-none-eabi/9.3.1/thumb/v7e-m+fp/hard/libgcc.a

.debug_info     0x0000000000000000    0x1f4f7
 .debug_info    0x0000000000000000     0x1852 ./Core/Src/main.o
 .debug_info    0x0000000000001852     0x1720 ./Core/Src/stm32f4xx_hal_msp.o
 .debug_info    0x0000000000002f72      0xda8 ./Core/Src/stm32f4xx_it.o
 .debug_info    0x0000000000003d1a      0xa25 ./Core/Src/sysmem.o
 .debug_info    0x000000000000473f      0x5a4 ./Core/Src/system_stm32f4xx.o
 .debug_info    0x0000000000004ce3       0x22 ./Core/Startup/startup_stm32f407vgtx.o
 .debug_info    0x0000000000004d05      0x9b2 ./Drivers/STM32F4xx_HAL_Driver/Src/stm32f4xx_hal.o
 .debug_info    0x00000000000056b7      0xed7 ./Drivers/STM32F4xx_HAL_Driver/Src/stm32f4xx_hal_cortex.o
 .debug_info    0x000000000000658e      0x83e ./Drivers/STM32F4xx_HAL_Driver/Src/stm32f4xx_hal_gpio.o
 .debug_info    0x0000000000006dcc      0xf67 ./Drivers/STM32F4xx_HAL_Driver/Src/stm32f4xx_hal_hcd.o
 .debug_info    0x0000000000007d33     0x264d ./Drivers/STM32F4xx_HAL_Driver/Src/stm32f4xx_hal_i2c.o
 .debug_info    0x000000000000a380      0xf30 ./Drivers/STM32F4xx_HAL_Driver/Src/stm32f4xx_hal_i2s.o
 .debug_info    0x000000000000b2b0      0xc22 ./Drivers/STM32F4xx_HAL_Driver/Src/stm32f4xx_hal_i2s_ex.o
 .debug_info    0x000000000000bed2      0x996 ./Drivers/STM32F4xx_HAL_Driver/Src/stm32f4xx_hal_rcc.o
 .debug_info    0x000000000000c868      0x603 ./Drivers/STM32F4xx_HAL_Driver/Src/stm32f4xx_hal_rcc_ex.o
 .debug_info    0x000000000000ce6b     0x17c0 ./Drivers/STM32F4xx_HAL_Driver/Src/stm32f4xx_hal_spi.o
 .debug_info    0x000000000000e62b     0x2c22 ./Drivers/STM32F4xx_HAL_Driver/Src/stm32f4xx_hal_tim.o
 .debug_info    0x000000000001124d     0x15a2 ./Drivers/STM32F4xx_HAL_Driver/Src/stm32f4xx_hal_tim_ex.o
 .debug_info    0x00000000000127ef     0x1ab4 ./Drivers/STM32F4xx_HAL_Driver/Src/stm32f4xx_ll_usb.o
 .debug_info    0x00000000000142a3     0x1c86 ./Middlewares/ST/STM32_USB_Host_Library/Class/CDC/Src/usbh_cdc.o
 .debug_info    0x0000000000015f29     0x1815 ./Middlewares/ST/STM32_USB_Host_Library/Core/Src/usbh_core.o
 .debug_info    0x000000000001773e     0x18e6 ./Middlewares/ST/STM32_USB_Host_Library/Core/Src/usbh_ctlreq.o
 .debug_info    0x0000000000019024     0x162f ./Middlewares/ST/STM32_USB_Host_Library/Core/Src/usbh_ioreq.o
 .debug_info    0x000000000001a653     0x1457 ./Middlewares/ST/STM32_USB_Host_Library/Core/Src/usbh_pipes.o
 .debug_info    0x000000000001baaa     0x13a0 ./USB_HOST/App/usb_host.o
 .debug_info    0x000000000001ce4a     0x2412 ./USB_HOST/Target/usbh_conf.o
 .debug_info    0x000000000001f25c      0x29b ./USB_HOST/Target/usbh_platform.o

.debug_abbrev   0x0000000000000000     0x3f5b
 .debug_abbrev  0x0000000000000000      0x24d ./Core/Src/main.o
 .debug_abbrev  0x000000000000024d      0x206 ./Core/Src/stm32f4xx_hal_msp.o
 .debug_abbrev  0x0000000000000453      0x1c7 ./Core/Src/stm32f4xx_it.o
 .debug_abbrev  0x000000000000061a      0x1bf ./Core/Src/sysmem.o
 .debug_abbrev  0x00000000000007d9      0x145 ./Core/Src/system_stm32f4xx.o
 .debug_abbrev  0x000000000000091e       0x12 ./Core/Startup/startup_stm32f407vgtx.o
 .debug_abbrev  0x0000000000000930      0x1ed ./Drivers/STM32F4xx_HAL_Driver/Src/stm32f4xx_hal.o
 .debug_abbrev  0x0000000000000b1d      0x33c ./Drivers/STM32F4xx_HAL_Driver/Src/stm32f4xx_hal_cortex.o
 .debug_abbrev  0x0000000000000e59      0x1f1 ./Drivers/STM32F4xx_HAL_Driver/Src/stm32f4xx_hal_gpio.o
 .debug_abbrev  0x000000000000104a      0x28d ./Drivers/STM32F4xx_HAL_Driver/Src/stm32f4xx_hal_hcd.o
 .debug_abbrev  0x00000000000012d7      0x282 ./Drivers/STM32F4xx_HAL_Driver/Src/stm32f4xx_hal_i2c.o
 .debug_abbrev  0x0000000000001559      0x245 ./Drivers/STM32F4xx_HAL_Driver/Src/stm32f4xx_hal_i2s.o
 .debug_abbrev  0x000000000000179e      0x276 ./Drivers/STM32F4xx_HAL_Driver/Src/stm32f4xx_hal_i2s_ex.o
 .debug_abbrev  0x0000000000001a14      0x275 ./Drivers/STM32F4xx_HAL_Driver/Src/stm32f4xx_hal_rcc.o
 .debug_abbrev  0x0000000000001c89      0x18f ./Drivers/STM32F4xx_HAL_Driver/Src/stm32f4xx_hal_rcc_ex.o
 .debug_abbrev  0x0000000000001e18      0x26e ./Drivers/STM32F4xx_HAL_Driver/Src/stm32f4xx_hal_spi.o
 .debug_abbrev  0x0000000000002086      0x25e ./Drivers/STM32F4xx_HAL_Driver/Src/stm32f4xx_hal_tim.o
 .debug_abbrev  0x00000000000022e4      0x266 ./Drivers/STM32F4xx_HAL_Driver/Src/stm32f4xx_hal_tim_ex.o
 .debug_abbrev  0x000000000000254a      0x2a7 ./Drivers/STM32F4xx_HAL_Driver/Src/stm32f4xx_ll_usb.o
 .debug_abbrev  0x00000000000027f1      0x352 ./Middlewares/ST/STM32_USB_Host_Library/Class/CDC/Src/usbh_cdc.o
 .debug_abbrev  0x0000000000002b43      0x3b4 ./Middlewares/ST/STM32_USB_Host_Library/Core/Src/usbh_core.o
 .debug_abbrev  0x0000000000002ef7      0x367 ./Middlewares/ST/STM32_USB_Host_Library/Core/Src/usbh_ctlreq.o
 .debug_abbrev  0x000000000000325e      0x2b5 ./Middlewares/ST/STM32_USB_Host_Library/Core/Src/usbh_ioreq.o
 .debug_abbrev  0x0000000000003513      0x2f3 ./Middlewares/ST/STM32_USB_Host_Library/Core/Src/usbh_pipes.o
 .debug_abbrev  0x0000000000003806      0x2a4 ./USB_HOST/App/usb_host.o
 .debug_abbrev  0x0000000000003aaa      0x397 ./USB_HOST/Target/usbh_conf.o
 .debug_abbrev  0x0000000000003e41      0x11a ./USB_HOST/Target/usbh_platform.o

.debug_aranges  0x0000000000000000     0x1680
 .debug_aranges
                0x0000000000000000       0x60 ./Core/Src/main.o
 .debug_aranges
                0x0000000000000060       0x70 ./Core/Src/stm32f4xx_hal_msp.o
 .debug_aranges
                0x00000000000000d0       0x78 ./Core/Src/stm32f4xx_it.o
 .debug_aranges
                0x0000000000000148       0x20 ./Core/Src/sysmem.o
 .debug_aranges
                0x0000000000000168       0x28 ./Core/Src/system_stm32f4xx.o
 .debug_aranges
                0x0000000000000190       0x28 ./Core/Startup/startup_stm32f407vgtx.o
 .debug_aranges
                0x00000000000001b8       0xf0 ./Drivers/STM32F4xx_HAL_Driver/Src/stm32f4xx_hal.o
 .debug_aranges
                0x00000000000002a8      0x118 ./Drivers/STM32F4xx_HAL_Driver/Src/stm32f4xx_hal_cortex.o
 .debug_aranges
                0x00000000000003c0       0x58 ./Drivers/STM32F4xx_HAL_Driver/Src/stm32f4xx_hal_gpio.o
 .debug_aranges
                0x0000000000000418       0xf8 ./Drivers/STM32F4xx_HAL_Driver/Src/stm32f4xx_hal_hcd.o
 .debug_aranges
                0x0000000000000510      0x2a0 ./Drivers/STM32F4xx_HAL_Driver/Src/stm32f4xx_hal_i2c.o
 .debug_aranges
                0x00000000000007b0      0x108 ./Drivers/STM32F4xx_HAL_Driver/Src/stm32f4xx_hal_i2s.o
 .debug_aranges
                0x00000000000008b8       0x88 ./Drivers/STM32F4xx_HAL_Driver/Src/stm32f4xx_hal_i2s_ex.o
 .debug_aranges
                0x0000000000000940       0x88 ./Drivers/STM32F4xx_HAL_Driver/Src/stm32f4xx_hal_rcc.o
 .debug_aranges
                0x00000000000009c8       0x48 ./Drivers/STM32F4xx_HAL_Driver/Src/stm32f4xx_hal_rcc_ex.o
 .debug_aranges
                0x0000000000000a10      0x1d0 ./Drivers/STM32F4xx_HAL_Driver/Src/stm32f4xx_hal_spi.o
 .debug_aranges
                0x0000000000000be0      0x3d0 ./Drivers/STM32F4xx_HAL_Driver/Src/stm32f4xx_hal_tim.o
 .debug_aranges
                0x0000000000000fb0      0x168 ./Drivers/STM32F4xx_HAL_Driver/Src/stm32f4xx_hal_tim_ex.o
 .debug_aranges
                0x0000000000001118      0x198 ./Drivers/STM32F4xx_HAL_Driver/Src/stm32f4xx_ll_usb.o
 .debug_aranges
                0x00000000000012b0       0xa8 ./Middlewares/ST/STM32_USB_Host_Library/Class/CDC/Src/usbh_cdc.o
 .debug_aranges
                0x0000000000001358       0xc0 ./Middlewares/ST/STM32_USB_Host_Library/Core/Src/usbh_core.o
 .debug_aranges
                0x0000000000001418       0xa0 ./Middlewares/ST/STM32_USB_Host_Library/Core/Src/usbh_ctlreq.o
 .debug_aranges
                0x00000000000014b8       0x60 ./Middlewares/ST/STM32_USB_Host_Library/Core/Src/usbh_ioreq.o
 .debug_aranges
                0x0000000000001518       0x40 ./Middlewares/ST/STM32_USB_Host_Library/Core/Src/usbh_pipes.o
 .debug_aranges
                0x0000000000001558       0x30 ./USB_HOST/App/usb_host.o
 .debug_aranges
                0x0000000000001588       0xd8 ./USB_HOST/Target/usbh_conf.o
 .debug_aranges
                0x0000000000001660       0x20 ./USB_HOST/Target/usbh_platform.o

.debug_ranges   0x0000000000000000     0x1500
 .debug_ranges  0x0000000000000000       0x50 ./Core/Src/main.o
 .debug_ranges  0x0000000000000050       0x60 ./Core/Src/stm32f4xx_hal_msp.o
 .debug_ranges  0x00000000000000b0       0x68 ./Core/Src/stm32f4xx_it.o
 .debug_ranges  0x0000000000000118       0x10 ./Core/Src/sysmem.o
 .debug_ranges  0x0000000000000128       0x18 ./Core/Src/system_stm32f4xx.o
 .debug_ranges  0x0000000000000140       0x20 ./Core/Startup/startup_stm32f407vgtx.o
 .debug_ranges  0x0000000000000160       0xe0 ./Drivers/STM32F4xx_HAL_Driver/Src/stm32f4xx_hal.o
 .debug_ranges  0x0000000000000240      0x108 ./Drivers/STM32F4xx_HAL_Driver/Src/stm32f4xx_hal_cortex.o
 .debug_ranges  0x0000000000000348       0x48 ./Drivers/STM32F4xx_HAL_Driver/Src/stm32f4xx_hal_gpio.o
 .debug_ranges  0x0000000000000390       0xe8 ./Drivers/STM32F4xx_HAL_Driver/Src/stm32f4xx_hal_hcd.o
 .debug_ranges  0x0000000000000478      0x2b8 ./Drivers/STM32F4xx_HAL_Driver/Src/stm32f4xx_hal_i2c.o
 .debug_ranges  0x0000000000000730       0xf8 ./Drivers/STM32F4xx_HAL_Driver/Src/stm32f4xx_hal_i2s.o
 .debug_ranges  0x0000000000000828       0x78 ./Drivers/STM32F4xx_HAL_Driver/Src/stm32f4xx_hal_i2s_ex.o
 .debug_ranges  0x00000000000008a0       0x78 ./Drivers/STM32F4xx_HAL_Driver/Src/stm32f4xx_hal_rcc.o
 .debug_ranges  0x0000000000000918       0x38 ./Drivers/STM32F4xx_HAL_Driver/Src/stm32f4xx_hal_rcc_ex.o
 .debug_ranges  0x0000000000000950      0x1c0 ./Drivers/STM32F4xx_HAL_Driver/Src/stm32f4xx_hal_spi.o
 .debug_ranges  0x0000000000000b10      0x3c0 ./Drivers/STM32F4xx_HAL_Driver/Src/stm32f4xx_hal_tim.o
 .debug_ranges  0x0000000000000ed0      0x158 ./Drivers/STM32F4xx_HAL_Driver/Src/stm32f4xx_hal_tim_ex.o
 .debug_ranges  0x0000000000001028      0x188 ./Drivers/STM32F4xx_HAL_Driver/Src/stm32f4xx_ll_usb.o
 .debug_ranges  0x00000000000011b0       0x98 ./Middlewares/ST/STM32_USB_Host_Library/Class/CDC/Src/usbh_cdc.o
 .debug_ranges  0x0000000000001248       0xb0 ./Middlewares/ST/STM32_USB_Host_Library/Core/Src/usbh_core.o
 .debug_ranges  0x00000000000012f8       0x90 ./Middlewares/ST/STM32_USB_Host_Library/Core/Src/usbh_ctlreq.o
 .debug_ranges  0x0000000000001388       0x50 ./Middlewares/ST/STM32_USB_Host_Library/Core/Src/usbh_ioreq.o
 .debug_ranges  0x00000000000013d8       0x30 ./Middlewares/ST/STM32_USB_Host_Library/Core/Src/usbh_pipes.o
 .debug_ranges  0x0000000000001408       0x20 ./USB_HOST/App/usb_host.o
 .debug_ranges  0x0000000000001428       0xc8 ./USB_HOST/Target/usbh_conf.o
 .debug_ranges  0x00000000000014f0       0x10 ./USB_HOST/Target/usbh_platform.o

.debug_macro    0x0000000000000000    0x2499a
 .debug_macro   0x0000000000000000      0x233 ./Core/Src/main.o
 .debug_macro   0x0000000000000233      0xaa8 ./Core/Src/main.o
 .debug_macro   0x0000000000000cdb      0x2ad ./Core/Src/main.o
 .debug_macro   0x0000000000000f88       0x2e ./Core/Src/main.o
 .debug_macro   0x0000000000000fb6       0x2f ./Core/Src/main.o
 .debug_macro   0x0000000000000fe5       0x22 ./Core/Src/main.o
 .debug_macro   0x0000000000001007       0x8e ./Core/Src/main.o
 .debug_macro   0x0000000000001095       0x51 ./Core/Src/main.o
 .debug_macro   0x00000000000010e6      0x103 ./Core/Src/main.o
 .debug_macro   0x00000000000011e9       0x6a ./Core/Src/main.o
 .debug_macro   0x0000000000001253      0x1df ./Core/Src/main.o
 .debug_macro   0x0000000000001432       0x1c ./Core/Src/main.o
 .debug_macro   0x000000000000144e       0x22 ./Core/Src/main.o
 .debug_macro   0x0000000000001470       0xdf ./Core/Src/main.o
 .debug_macro   0x000000000000154f     0x102d ./Core/Src/main.o
 .debug_macro   0x000000000000257c      0x11f ./Core/Src/main.o
 .debug_macro   0x000000000000269b    0x15e58 ./Core/Src/main.o
 .debug_macro   0x00000000000184f3       0x6d ./Core/Src/main.o
 .debug_macro   0x0000000000018560     0x3666 ./Core/Src/main.o
 .debug_macro   0x000000000001bbc6      0x174 ./Core/Src/main.o
 .debug_macro   0x000000000001bd3a       0x5c ./Core/Src/main.o
 .debug_macro   0x000000000001bd96      0x96b ./Core/Src/main.o
 .debug_macro   0x000000000001c701      0x9fe ./Core/Src/main.o
 .debug_macro   0x000000000001d0ff      0x116 ./Core/Src/main.o
 .debug_macro   0x000000000001d215      0x13e ./Core/Src/main.o
 .debug_macro   0x000000000001d353       0xa5 ./Core/Src/main.o
 .debug_macro   0x000000000001d3f8      0x174 ./Core/Src/main.o
 .debug_macro   0x000000000001d56c      0x287 ./Core/Src/main.o
 .debug_macro   0x000000000001d7f3       0x5f ./Core/Src/main.o
 .debug_macro   0x000000000001d852      0x236 ./Core/Src/main.o
 .debug_macro   0x000000000001da88      0x12c ./Core/Src/main.o
 .debug_macro   0x000000000001dbb4      0x21e ./Core/Src/main.o
 .debug_macro   0x000000000001ddd2       0x2e ./Core/Src/main.o
 .debug_macro   0x000000000001de00      0x1b5 ./Core/Src/main.o
 .debug_macro   0x000000000001dfb5       0xd6 ./Core/Src/main.o
 .debug_macro   0x000000000001e08b      0x1a7 ./Core/Src/main.o
 .debug_macro   0x000000000001e232       0x46 ./Core/Src/main.o
 .debug_macro   0x000000000001e278       0x4a ./Core/Src/main.o
 .debug_macro   0x000000000001e2c2      0x11a ./Core/Src/main.o
 .debug_macro   0x000000000001e3dc       0x7e ./Core/Src/main.o
 .debug_macro   0x000000000001e45a       0x89 ./Core/Src/main.o
 .debug_macro   0x000000000001e4e3      0x225 ./Core/Src/main.o
 .debug_macro   0x000000000001e708      0x8d1 ./Core/Src/main.o
 .debug_macro   0x000000000001efd9       0x47 ./Core/Src/main.o
 .debug_macro   0x000000000001f020      0x21e ./Core/Src/main.o
 .debug_macro   0x000000000001f23e       0x7c ./Core/Src/main.o
 .debug_macro   0x000000000001f2ba      0x12d ./Core/Src/main.o
 .debug_macro   0x000000000001f3e7      0x1a3 ./Core/Src/main.o
 .debug_macro   0x000000000001f58a      0x229 ./Core/Src/stm32f4xx_hal_msp.o
 .debug_macro   0x000000000001f7b3      0x233 ./Core/Src/stm32f4xx_it.o
 .debug_macro   0x000000000001f9e6       0xff ./Core/Src/sysmem.o
 .debug_macro   0x000000000001fae5      0x23b ./Core/Src/sysmem.o
 .debug_macro   0x000000000001fd20      0x21a ./Core/Src/system_stm32f4xx.o
 .debug_macro   0x000000000001ff3a      0x27a ./Drivers/STM32F4xx_HAL_Driver/Src/stm32f4xx_hal.o
 .debug_macro   0x00000000000201b4      0x21a ./Drivers/STM32F4xx_HAL_Driver/Src/stm32f4xx_hal_cortex.o
 .debug_macro   0x00000000000203ce      0x220 ./Drivers/STM32F4xx_HAL_Driver/Src/stm32f4xx_hal_gpio.o
 .debug_macro   0x00000000000205ee      0x21a ./Drivers/STM32F4xx_HAL_Driver/Src/stm32f4xx_hal_hcd.o
 .debug_macro   0x0000000000020808      0x261 ./Drivers/STM32F4xx_HAL_Driver/Src/stm32f4xx_hal_i2c.o
 .debug_macro   0x0000000000020a69      0x222 ./Drivers/STM32F4xx_HAL_Driver/Src/stm32f4xx_hal_i2s.o
 .debug_macro   0x0000000000020c8b      0x21a ./Drivers/STM32F4xx_HAL_Driver/Src/stm32f4xx_hal_i2s_ex.o
 .debug_macro   0x0000000000020ea5      0x23e ./Drivers/STM32F4xx_HAL_Driver/Src/stm32f4xx_hal_rcc.o
 .debug_macro   0x00000000000210e3      0x21a ./Drivers/STM32F4xx_HAL_Driver/Src/stm32f4xx_hal_rcc_ex.o
 .debug_macro   0x00000000000212fd      0x229 ./Drivers/STM32F4xx_HAL_Driver/Src/stm32f4xx_hal_spi.o
 .debug_macro   0x0000000000021526      0x21b ./Drivers/STM32F4xx_HAL_Driver/Src/stm32f4xx_hal_tim.o
 .debug_macro   0x0000000000021741      0x21a ./Drivers/STM32F4xx_HAL_Driver/Src/stm32f4xx_hal_tim_ex.o
 .debug_macro   0x000000000002195b      0x21a ./Drivers/STM32F4xx_HAL_Driver/Src/stm32f4xx_ll_usb.o
 .debug_macro   0x0000000000021b75      0x448 ./Middlewares/ST/STM32_USB_Host_Library/Class/CDC/Src/usbh_cdc.o
 .debug_macro   0x0000000000021fbd       0x16 ./Middlewares/ST/STM32_USB_Host_Library/Class/CDC/Src/usbh_cdc.o
 .debug_macro   0x0000000000021fd3       0x97 ./Middlewares/ST/STM32_USB_Host_Library/Class/CDC/Src/usbh_cdc.o
 .debug_macro   0x000000000002206a       0xfd ./Middlewares/ST/STM32_USB_Host_Library/Class/CDC/Src/usbh_cdc.o
 .debug_macro   0x0000000000022167       0x16 ./Middlewares/ST/STM32_USB_Host_Library/Class/CDC/Src/usbh_cdc.o
 .debug_macro   0x000000000002217d       0x20 ./Middlewares/ST/STM32_USB_Host_Library/Class/CDC/Src/usbh_cdc.o
 .debug_macro   0x000000000002219d       0xd9 ./Middlewares/ST/STM32_USB_Host_Library/Class/CDC/Src/usbh_cdc.o
 .debug_macro   0x0000000000022276       0x56 ./Middlewares/ST/STM32_USB_Host_Library/Class/CDC/Src/usbh_cdc.o
 .debug_macro   0x00000000000222cc       0x73 ./Middlewares/ST/STM32_USB_Host_Library/Class/CDC/Src/usbh_cdc.o
 .debug_macro   0x000000000002233f      0x218 ./Middlewares/ST/STM32_USB_Host_Library/Class/CDC/Src/usbh_cdc.o
 .debug_macro   0x0000000000022557       0x2e ./Middlewares/ST/STM32_USB_Host_Library/Class/CDC/Src/usbh_cdc.o
 .debug_macro   0x0000000000022585       0x2e ./Middlewares/ST/STM32_USB_Host_Library/Class/CDC/Src/usbh_cdc.o
 .debug_macro   0x00000000000225b3       0x28 ./Middlewares/ST/STM32_USB_Host_Library/Class/CDC/Src/usbh_cdc.o
 .debug_macro   0x00000000000225db      0x15c ./Middlewares/ST/STM32_USB_Host_Library/Class/CDC/Src/usbh_cdc.o